<html>
<body>
<pre>
<h1>µVision Build Log</h1>
<h2>Tool Versions:</h2>
IDE-Version: ¦ÌVision V5.24.2.0
Copyright (C) 2017 ARM Ltd and ARM Germany GmbH. All rights reserved.
License Information: sho Lenovo, Apple, LIC=IK1BF-61UF1-X7QRZ-J0BF5-LA2NE-H0DHV
 
Tool Versions:
Toolchain:       MDK-ARM Plus  Version: 5.24.1
Toolchain Path:  D:\Ceil5\ARM\ARMCC\Bin
C Compiler:      Armcc.exe V5.06 update 5 (build 528)
Assembler:       Armasm.exe V5.06 update 5 (build 528)
Linker/Locator:  ArmLink.exe V5.06 update 5 (build 528)
Library Manager: ArmAr.exe V5.06 update 5 (build 528)
Hex Converter:   FromElf.exe V5.06 update 5 (build 528)
CPU DLL:         SARMCM3.DLL V5.24.1
Dialog DLL:      DCM.DLL V1.16.0.0
Target DLL:      STLink\ST-LINKIII-KEIL_SWO.dll V3.0.1.0
Dialog DLL:      TCM.DLL V1.32.0.0
 
<h2>Project:</h2>
F:\Ò£¿ØÆ÷\Ò£¿ØÆ÷(·¢ËÍ)\Project.uvprojx
Project File Date:  06/29/2025

<h2>Output:</h2>
*** Using Compiler 'V5.06 update 5 (build 528)', folder: 'D:\Ceil5\ARM\ARMCC\Bin'
Build target 'Target 1'
compiling main.c...
.\Inc\RC.h(57): warning:  #1-D: last line of file ends without a newline
  #endif
.\Inc\HW504.h(4): warning:  #1295-D: Deprecated declaration Rocker_SW_Init - give arg types
  void Rocker_SW_Init();
.\Inc\HW504.h(6): warning:  #1295-D: Deprecated declaration Rocker_Right_SW_Read - give arg types
  uint8_t Rocker_Right_SW_Read();
.\Inc\HW504.h(8): warning:  #1295-D: Deprecated declaration Rocker_Left_SW_Read - give arg types
  uint8_t Rocker_Left_SW_Read();
.\Inc\AD.h(19): warning:  #1295-D: Deprecated declaration AD_Init - give arg types
  void AD_Init();
.\Inc\AD.h(25): warning:  #1-D: last line of file ends without a newline
  #endif
.\Inc\UI.h(58): warning:  #1-D: last line of file ends without a newline
  #endif
Src\main.c: 7 warnings, 0 errors
linking...
Program Size: Code=15448 RO-data=7772 RW-data=480 ZI-data=3072  
".\Objects\Project.axf" - 0 Error(s), 7 Warning(s).

<h2>Software Packages used:</h2>

Package Vendor: Keil
                http://www.keil.com/pack/Keil.STM32F1xx_DFP.2.2.0.pack
                Keil.STM32F1xx_DFP.2.2.0
                STMicroelectronics STM32F1 Series Device Support, Drivers and Examples

<h2>Collection of Component include folders:</h2>
  .\RTE\_Target_1
  D:\Ceil5\ARM\PACK\Keil\STM32F1xx_DFP\2.2.0\Device\Include

<h2>Collection of Component Files used:</h2>
Build Time Elapsed:  00:00:01
</pre>
</body>
</html>
