Component: ARM Compiler 5.06 update 5 (build 528) Tool: armlink [4d35e2]

==============================================================================

Section Cross References

    startup_stm32f10x_md.o(STACK) refers (Special) to heapauxi.o(.text) for __use_two_region_memory
    startup_stm32f10x_md.o(HEAP) refers (Special) to heapauxi.o(.text) for __use_two_region_memory
    startup_stm32f10x_md.o(RESET) refers (Special) to heapauxi.o(.text) for __use_two_region_memory
    startup_stm32f10x_md.o(RESET) refers to startup_stm32f10x_md.o(STACK) for __initial_sp
    startup_stm32f10x_md.o(RESET) refers to startup_stm32f10x_md.o(.text) for Reset_Handler
    startup_stm32f10x_md.o(RESET) refers to stm32f10x_it.o(i.NMI_Handler) for NMI_Handler
    startup_stm32f10x_md.o(RESET) refers to stm32f10x_it.o(i.HardFault_Handler) for HardFault_Handler
    startup_stm32f10x_md.o(RESET) refers to stm32f10x_it.o(i.MemManage_Handler) for MemManage_Handler
    startup_stm32f10x_md.o(RESET) refers to stm32f10x_it.o(i.BusFault_Handler) for BusFault_Handler
    startup_stm32f10x_md.o(RESET) refers to stm32f10x_it.o(i.UsageFault_Handler) for UsageFault_Handler
    startup_stm32f10x_md.o(RESET) refers to stm32f10x_it.o(i.SVC_Handler) for SVC_Handler
    startup_stm32f10x_md.o(RESET) refers to stm32f10x_it.o(i.DebugMon_Handler) for DebugMon_Handler
    startup_stm32f10x_md.o(RESET) refers to stm32f10x_it.o(i.PendSV_Handler) for PendSV_Handler
    startup_stm32f10x_md.o(RESET) refers to stm32f10x_it.o(i.SysTick_Handler) for SysTick_Handler
    startup_stm32f10x_md.o(RESET) refers to key.o(i.TIM2_IRQHandler) for TIM2_IRQHandler
    startup_stm32f10x_md.o(RESET) refers to main.o(i.TIM3_IRQHandler) for TIM3_IRQHandler
    startup_stm32f10x_md.o(RESET) refers to nrf24l01.o(i.EXTI15_10_IRQHandler) for EXTI15_10_IRQHandler
    startup_stm32f10x_md.o(.text) refers (Special) to heapauxi.o(.text) for __use_two_region_memory
    startup_stm32f10x_md.o(.text) refers to system_stm32f10x.o(i.SystemInit) for SystemInit
    startup_stm32f10x_md.o(.text) refers to __main.o(!!!main) for __main
    startup_stm32f10x_md.o(.text) refers to startup_stm32f10x_md.o(HEAP) for Heap_Mem
    startup_stm32f10x_md.o(.text) refers to startup_stm32f10x_md.o(STACK) for Stack_Mem
    system_stm32f10x.o(i.SetSysClock) refers to system_stm32f10x.o(i.SetSysClockTo72) for SetSysClockTo72
    system_stm32f10x.o(i.SystemCoreClockUpdate) refers to system_stm32f10x.o(.data) for SystemCoreClock
    system_stm32f10x.o(i.SystemInit) refers to system_stm32f10x.o(i.SetSysClock) for SetSysClock
    delay.o(i.Delay_ms) refers to delay.o(i.Delay_us) for Delay_us
    delay.o(i.Delay_s) refers to delay.o(i.Delay_ms) for Delay_ms
    timer.o(i.TIM2_Init) refers to stm32f10x_rcc.o(i.RCC_APB1PeriphClockCmd) for RCC_APB1PeriphClockCmd
    timer.o(i.TIM2_Init) refers to stm32f10x_tim.o(i.TIM_InternalClockConfig) for TIM_InternalClockConfig
    timer.o(i.TIM2_Init) refers to stm32f10x_tim.o(i.TIM_TimeBaseInit) for TIM_TimeBaseInit
    timer.o(i.TIM2_Init) refers to stm32f10x_tim.o(i.TIM_ClearFlag) for TIM_ClearFlag
    timer.o(i.TIM2_Init) refers to stm32f10x_tim.o(i.TIM_ITConfig) for TIM_ITConfig
    timer.o(i.TIM2_Init) refers to misc.o(i.NVIC_PriorityGroupConfig) for NVIC_PriorityGroupConfig
    timer.o(i.TIM2_Init) refers to misc.o(i.NVIC_Init) for NVIC_Init
    timer.o(i.TIM2_Init) refers to stm32f10x_tim.o(i.TIM_Cmd) for TIM_Cmd
    timer.o(i.TIM3_Init) refers to stm32f10x_rcc.o(i.RCC_APB1PeriphClockCmd) for RCC_APB1PeriphClockCmd
    timer.o(i.TIM3_Init) refers to stm32f10x_tim.o(i.TIM_InternalClockConfig) for TIM_InternalClockConfig
    timer.o(i.TIM3_Init) refers to stm32f10x_tim.o(i.TIM_TimeBaseInit) for TIM_TimeBaseInit
    timer.o(i.TIM3_Init) refers to stm32f10x_tim.o(i.TIM_ClearFlag) for TIM_ClearFlag
    timer.o(i.TIM3_Init) refers to stm32f10x_tim.o(i.TIM_ITConfig) for TIM_ITConfig
    timer.o(i.TIM3_Init) refers to misc.o(i.NVIC_PriorityGroupConfig) for NVIC_PriorityGroupConfig
    timer.o(i.TIM3_Init) refers to misc.o(i.NVIC_Init) for NVIC_Init
    timer.o(i.TIM3_Init) refers to stm32f10x_tim.o(i.TIM_Cmd) for TIM_Cmd
    hw504.o(i.Rocker_Left_SW_Read) refers to stm32f10x_gpio.o(i.GPIO_ReadInputDataBit) for GPIO_ReadInputDataBit
    hw504.o(i.Rocker_Right_SW_Read) refers to stm32f10x_gpio.o(i.GPIO_ReadInputDataBit) for GPIO_ReadInputDataBit
    hw504.o(i.Rocker_SW_Init) refers to stm32f10x_rcc.o(i.RCC_APB1PeriphClockCmd) for RCC_APB1PeriphClockCmd
    hw504.o(i.Rocker_SW_Init) refers to stm32f10x_gpio.o(i.GPIO_Init) for GPIO_Init
    hw504.o(i.Rocker_SW_Init) refers to stm32f10x_gpio.o(i.GPIO_SetBits) for GPIO_SetBits
    key.o(i.GetNowTime) refers to key.o(.data) for now_time
    key.o(i.Key_Init) refers to stm32f10x_rcc.o(i.RCC_APB2PeriphClockCmd) for RCC_APB2PeriphClockCmd
    key.o(i.Key_Init) refers to stm32f10x_gpio.o(i.GPIO_PinRemapConfig) for GPIO_PinRemapConfig
    key.o(i.Key_Init) refers to stm32f10x_gpio.o(i.GPIO_Init) for GPIO_Init
[...]
    i.GPIO_SetBits                           0x08001b9c   Section        0  stm32f10x_gpio.o(i.GPIO_SetBits)
    i.GPIO_WriteBit                          0x08001ba0   Section        0  stm32f10x_gpio.o(i.GPIO_WriteBit)
    i.GetNowTime                             0x08001bac   Section        0  key.o(i.GetNowTime)
    i.HardFault_Handler                      0x08001bb8   Section        0  stm32f10x_it.o(i.HardFault_Handler)
    i.IWDG_Enable                            0x08001bbc   Section        0  stm32f10x_iwdg.o(i.IWDG_Enable)
    i.IWDG_Feed                              0x08001bcc   Section        0  iwdg.o(i.IWDG_Feed)
    i.IWDG_Init                              0x08001bd4   Section        0  iwdg.o(i.IWDG_Init)
    i.IWDG_ReloadCounter                     0x08001bf8   Section        0  stm32f10x_iwdg.o(i.IWDG_ReloadCounter)
    i.IWDG_SetPrescaler                      0x08001c08   Section        0  stm32f10x_iwdg.o(i.IWDG_SetPrescaler)
    i.IWDG_SetReload                         0x08001c14   Section        0  stm32f10x_iwdg.o(i.IWDG_SetReload)
    i.IWDG_WriteAccessCmd                    0x08001c20   Section        0  stm32f10x_iwdg.o(i.IWDG_WriteAccessCmd)
    i.Key_Init                               0x08001c2c   Section        0  key.o(i.Key_Init)
    i.Key_InitState                          0x08001cc4   Section        0  key.o(i.Key_InitState)
    i.Key_Pressed                            0x08001d14   Section        0  key.o(i.Key_Pressed)
    i.LED_Init                               0x08001dc8   Section        0  led_driver.o(i.LED_Init)
    i.Load_Data_to_Tx_Buffer                 0x08001e10   Section        0  nrf24l01.o(i.Load_Data_to_Tx_Buffer)
    i.MemManage_Handler                      0x08001e98   Section        0  stm32f10x_it.o(i.MemManage_Handler)
    i.NMI_Handler                            0x08001e9c   Section        0  stm32f10x_it.o(i.NMI_Handler)
    i.NRF24L01_Check                         0x08001ea0   Section        0  nrf24l01.o(i.NRF24L01_Check)
    i.NRF24L01_Init_Common                   0x08001ef0   Section        0  nrf24l01.o(i.NRF24L01_Init_Common)
    i.NRF24L01_Read_Buf                      0x08002080   Section        0  nrf24l01.o(i.NRF24L01_Read_Buf)
    i.NRF24L01_Read_Reg                      0x080020c8   Section        0  nrf24l01.o(i.NRF24L01_Read_Reg)
    i.NRF24L01_Set_TX_Mode                   0x08002100   Section        0  nrf24l01.o(i.NRF24L01_Set_TX_Mode)
    i.NRF24L01_SpiRW                         0x08002178   Section        0  nrf24l01.o(i.NRF24L01_SpiRW)
    i.NRF24L01_Write_Buf                     0x080021d0   Section        0  nrf24l01.o(i.NRF24L01_Write_Buf)
    i.NRF24L01_Write_Reg                     0x08002218   Section        0  nrf24l01.o(i.NRF24L01_Write_Reg)
    i.NRF24_Process                          0x08002254   Section        0  nrf24l01.o(i.NRF24_Process)
    i.NVIC_Init                              0x080022bc   Section        0  misc.o(i.NVIC_Init)
    i.NVIC_PriorityGroupConfig               0x0800232c   Section        0  misc.o(i.NVIC_PriorityGroupConfig)
    i.OLED_Clear                             0x08002340   Section        0  oled.o(i.OLED_Clear)
    i.OLED_I2C_Init                          0x0800236c   Section        0  oled.o(i.OLED_I2C_Init)
    i.OLED_I2C_SendByte                      0x080023ac   Section        0  oled.o(i.OLED_I2C_SendByte)
    i.OLED_I2C_Start                         0x080023fc   Section        0  oled.o(i.OLED_I2C_Start)
    i.OLED_I2C_Stop                          0x0800242c   Section        0  oled.o(i.OLED_I2C_Stop)
    i.OLED_Init                              0x08002454   Section        0  oled.o(i.OLED_Init)
    i.OLED_NewFrame                          0x08002504   Section        0  oled.o(i.OLED_NewFrame)
    i.OLED_Pow                               0x08002518   Section        0  oled.o(i.OLED_Pow)
    i.OLED_PrintASCIIChar                    0x0800252c   Section        0  oled.o(i.OLED_PrintASCIIChar)
    i.OLED_PrintASCIINum                     0x08002578   Section        0  oled.o(i.OLED_PrintASCIINum)
    i.OLED_PrintASCIIString                  0x080025ca   Section        0  oled.o(i.OLED_PrintASCIIString)
    i.OLED_Send                              0x08002600   Section        0  oled.o(i.OLED_Send)
    i.OLED_SetBits                           0x0800261a   Section        0  oled.o(i.OLED_SetBits)
    i.OLED_SetBits_Fine                      0x0800267c   Section        0  oled.o(i.OLED_SetBits_Fine)
    i.OLED_SetBlock                          0x08002704   Section        0  oled.o(i.OLED_SetBlock)
    i.OLED_SetByte_Fine                      0x080027a0   Section        0  oled.o(i.OLED_SetByte_Fine)
    i.OLED_SetCursor                         0x0800281c   Section        0  oled.o(i.OLED_SetCursor)
    i.OLED_ShowFrame                         0x08002840   Section        0  oled.o(i.OLED_ShowFrame)
    i.OLED_WriteCommand                      0x0800288c   Section        0  oled.o(i.OLED_WriteCommand)
    i.OLED_WriteData                         0x080028ac   Section        0  oled.o(i.OLED_WriteData)
    i.PendSV_Handler                         0x080028cc   Section        0  stm32f10x_it.o(i.PendSV_Handler)
    i.RCC_ADCCLKConfig                       0x080028d0   Section        0  stm32f10x_rcc.o(i.RCC_ADCCLKConfig)
    i.RCC_AHBPeriphClockCmd                  0x080028e8   Section        0  stm32f10x_rcc.o(i.RCC_AHBPeriphClockCmd)
    i.RCC_APB1PeriphClockCmd                 0x08002908   Section        0  stm32f10x_rcc.o(i.RCC_APB1PeriphClockCmd)
    i.RCC_APB2PeriphClockCmd                 0x08002928   Section        0  stm32f10x_rcc.o(i.RCC_APB2PeriphClockCmd)
    i.RC_TxPacket_Async                      0x08002948   Section        0  rc.o(i.RC_TxPacket_Async)
    i.Rocker_SW_Init                         0x08002980   Section        0  hw504.o(i.Rocker_SW_Init)
    i.SPI_Cmd                                0x080029e8   Section        0  stm32f10x_spi.o(i.SPI_Cmd)
    i.SPI_I2S_GetFlagStatus                  0x08002a00   Section        0  stm32f10x_spi.o(i.SPI_I2S_GetFlagStatus)
    i.SPI_I2S_ReceiveData                    0x08002a12   Section        0  stm32f10x_spi.o(i.SPI_I2S_ReceiveData)
    i.SPI_I2S_SendData                       0x08002a18   Section        0  stm32f10x_spi.o(i.SPI_I2S_SendData)
    i.SPI_Init                               0x08002a1c   Section        0  stm32f10x_spi.o(i.SPI_Init)
    i.SVC_Handler                            0x08002a58   Section        0  stm32f10x_it.o(i.SVC_Handler)
    i.SetSysClock                            0x08002a5a   Section        0  system_stm32f10x.o(i.SetSysClock)
    SetSysClock                              0x08002a5b   Thumb Code     8  system_stm32f10x.o(i.SetSysClock)
    i.SetSysClockTo72                        0x08002a64   Section        0  system_stm32f10x.o(i.SetSysClockTo72)
    SetSysClockTo72                          0x08002a65   Thumb Code   214  system_stm32f10x.o(i.SetSysClockTo72)
    i.SysTick_Handler                        0x08002b44   Section        0  stm32f10x_it.o(i.SysTick_Handler)
    i.SystemInit                             0x08002b48   Section        0  system_stm32f10x.o(i.SystemInit)
    i.TIM2_IRQHandler                        0x08002ba8   Section        0  key.o(i.TIM2_IRQHandler)
    i.TIM2_Init                              0x08002df8   Section        0  timer.o(i.TIM2_Init)
    i.TIM3_IRQHandler                        0x08002e74   Section        0  main.o(i.TIM3_IRQHandler)
    i.TIM3_Init                              0x08002e98   Section        0  timer.o(i.TIM3_Init)
    i.TIM_ClearFlag                          0x08002f10   Section        0  stm32f10x_tim.o(i.TIM_ClearFlag)
    i.TIM_ClearITPendingBit                  0x08002f16   Section        0  stm32f10x_tim.o(i.TIM_ClearITPendingBit)
    i.TIM_Cmd                                0x08002f1c   Section        0  stm32f10x_tim.o(i.TIM_Cmd)
    i.TIM_GetITStatus                        0x08002f34   Section        0  stm32f10x_tim.o(i.TIM_GetITStatus)
    i.TIM_ITConfig                           0x08002f56   Section        0  stm32f10x_tim.o(i.TIM_ITConfig)
    i.TIM_InternalClockConfig                0x08002f68   Section        0  stm32f10x_tim.o(i.TIM_InternalClockConfig)
    i.TIM_TimeBaseInit                       0x08002f74   Section        0  stm32f10x_tim.o(i.TIM_TimeBaseInit)
    i.UpdateTime                             0x08003018   Section        0  key.o(i.UpdateTime)
    UpdateTime                               0x08003019   Thumb Code    28  key.o(i.UpdateTime)
    i.UsageFault_Handler                     0x0800303c   Section        0  stm32f10x_it.o(i.UsageFault_Handler)
    i.__ARM_fpclassify                       0x08003040   Section        0  fpclassify.o(i.__ARM_fpclassify)
    i._is_digit                              0x08003068   Section        0  __printf_wp.o(i._is_digit)
    i.bend_func                              0x08003078   Section        0  ui.o(i.bend_func)
    i.constrain                              0x08003084   Section        0  ui.o(i.constrain)
    constrain                                0x08003085   Thumb Code    22  ui.o(i.constrain)
    i.exit_func                              0x0800309c   Section        0  ui.o(i.exit_func)
    i.height_func                            0x080030a8   Section        0  ui.o(i.height_func)
    i.init_func                              0x08003134   Section        0  ui.o(i.init_func)
    i.jump_ctrl_func                         0x08003140   Section        0  ui.o(i.jump_ctrl_func)
    i.jump_exe_func                          0x08003158   Section        0  ui.o(i.jump_exe_func)
    i.jump_pre_func                          0x08003170   Section        0  ui.o(i.jump_pre_func)
    i.lean_func                              0x08003248   Section        0  ui.o(i.lean_func)
    i.main                                   0x08003254   Section        0  main.o(i.main)
    i.main_func                              0x080033a4   Section        0  ui.o(i.main_func)
    i.menu_back                              0x080033bc   Section        0  ui.o(i.menu_back)
    i.menu_ctrl                              0x080033ec   Section        0  ui.o(i.menu_ctrl)
    i.menu_down                              0x0800346c   Section        0  ui.o(i.menu_down)
    i.menu_draw                              0x080034bc   Section        0  ui.o(i.menu_draw)
    i.menu_enter                             0x08003560   Section        0  ui.o(i.menu_enter)
    i.menu_up                                0x08003688   Section        0  ui.o(i.menu_up)
    i.set_idle_func                          0x080036d4   Section        0  ui.o(i.set_idle_func)
    i.set_stop_func                          0x080036e0   Section        0  ui.o(i.set_stop_func)
    i.show_bat_func                          0x080036ec   Section        0  ui.o(i.show_bat_func)
    i.trans_disable_func                     0x08003708   Section        0  ui.o(i.trans_disable_func)
    i.trans_enable_func                      0x08003714   Section        0  ui.o(i.trans_enable_func)
    locale$$code                             0x08003720   Section       44  lc_numeric_c.o(locale$$code)
    x$fpl$d2f                                0x0800374c   Section       98  d2f.o(x$fpl$d2f)
    x$fpl$dcmpinf                            0x080037ae   Section       24  dcmpi.o(x$fpl$dcmpinf)
    x$fpl$dleqf                              0x080037c8   Section      120  dleqf.o(x$fpl$dleqf)
    x$fpl$dmul                               0x08003840   Section      340  dmul.o(x$fpl$dmul)
    x$fpl$dnaninf                            0x08003994   Section      156  dnaninf.o(x$fpl$dnaninf)
    x$fpl$dretinf                            0x08003a30   Section       12  dretinf.o(x$fpl$dretinf)
    x$fpl$drleqf                             0x08003a3c   Section      108  drleqf.o(x$fpl$drleqf)
    x$fpl$f2d                                0x08003aa8   Section       86  f2d.o(x$fpl$f2d)
    x$fpl$fdiv                               0x08003b00   Section      388  fdiv.o(x$fpl$fdiv)
    _fdiv1                                   0x08003b01   Thumb Code     0  fdiv.o(x$fpl$fdiv)
    x$fpl$ffltu                              0x08003c84   Section       38  fflt_clz.o(x$fpl$ffltu)
    x$fpl$fnaninf                            0x08003caa   Section      140  fnaninf.o(x$fpl$fnaninf)
    x$fpl$fretinf                            0x08003d36   Section       10  fretinf.o(x$fpl$fretinf)
    x$fpl$printf1                            0x08003d40   Section        4  printf1.o(x$fpl$printf1)
    .constdata                               0x08003d44   Section        5  nrf24l01.o(.constdata)
    x$fpl$usenofp                            0x08003d44   Section        0  usenofp.o(x$fpl$usenofp)
    .constdata                               0x08003d4c   Section     7012  font.o(.constdata)
    .constdata                               0x080058b0   Section      148  bigflt0.o(.constdata)
    tenpwrs_x                                0x080058b0   Data          60  bigflt0.o(.constdata)
    tenpwrs_i                                0x080058ec   Data          64  bigflt0.o(.constdata)
    .conststring                             0x08005944   Section      308  ui.o(.conststring)
    locale$$data                             0x08005a98   Section       28  lc_numeric_c.o(locale$$data)
    __lcnum_c_name                           0x08005a9c   Data           2  lc_numeric_c.o(locale$$data)
    __lcnum_c_start                          0x08005aa4   Data           0  lc_numeric_c.o(locale$$data)
    __lcnum_c_point                          0x08005ab0   Data           0  lc_numeric_c.o(locale$$data)
    __lcnum_c_thousands                      0x08005ab2   Data           0  lc_numeric_c.o(locale$$data)
    __lcnum_c_grouping                       0x08005ab3   Data           0  lc_numeric_c.o(locale$$data)
    __lcnum_c_end                            0x08005ab4   Data           0  lc_numeric_c.o(locale$$data)
    .data                                    0x20000000   Section        4  key.o(.data)
    now_time                                 0x20000000   Data           4  key.o(.data)
    .data                                    0x20000004   Section        2  oled.o(.data)
    temp                                     0x20000004   Data           1  oled.o(.data)
    temp                                     0x20000005   Data           1  oled.o(.data)
    .data                                    0x20000008   Section      400  ui.o(.data)
    .data                                    0x20000198   Section        6  rc.o(.data)
    .data                                    0x2000019e   Section        8  ad.o(.data)
    .data                                    0x200001a8   Section       54  main.o(.data)
    .bss                                     0x200001e0   Section      210  key.o(.bss)
    .bss                                     0x200002b2   Section     1153  oled.o(.bss)
    sendBuffer                               0x200006b2   Data         129  oled.o(.bss)
    .bss                                     0x20000733   Section       12  rc.o(.bss)
    .bss                                     0x20000740   Section       28  ad.o(.bss)
    .bss                                     0x2000075c   Section       31  main.o(.bss)
    .bss                                     0x2000077c   Section       96  libspace.o(.bss)
    HEAP                                     0x200007e0   Section      512  startup_stm32f10x_md.o(HEAP)
    Heap_Mem                                 0x200007e0   Data         512  startup_stm32f10x_md.o(HEAP)
    STACK                                    0x200009e0   Section     1024  startup_stm32f10x_md.o(STACK)
    Stack_Mem                                0x200009e0   Data        1024  startup_stm32f10x_md.o(STACK)
    __initial_sp                             0x20000de0   Data           0  startup_stm32f10x_md.o(STACK)

    Global Symbols

    Symbol Name                              Value     Ov Type        Size  Object(Section)

    BuildAttributes$$THM_ISAv4$P$D$K$B$S$PE$A:L22UL41UL21$X:L11$S22US41US21$IEEE1$IW$USESV6$~STKCKD$USESV7$~SHL$OTIME$ROPI$IEEEJ$EBA8$UX$STANDARDLIB$REQ8$PRES8$EABIv2 0x00000000   Number         0  anon$$obj.o ABSOLUTE
    __ARM_use_no_argv                        0x00000000   Number         0  main.o ABSOLUTE
    _printf_flags                            0x00000000   Number         0  printf_stubs.o ABSOLUTE
    _printf_return_value                     0x00000000   Number         0  printf_stubs.o ABSOLUTE
    _printf_sizespec                         0x00000000   Number         0  printf_stubs.o ABSOLUTE
    _printf_widthprec                        0x00000000   Number         0  printf_stubs.o ABSOLUTE
    __ARM_exceptions_init                     - Undefined Weak Reference
    __alloca_initialize                       - Undefined Weak Reference
    __arm_preinit_                            - Undefined Weak Reference
    __cpp_initialize__aeabi_                  - Undefined Weak Reference
    __cxa_finalize                            - Undefined Weak Reference
    __sigvec_lookup                           - Undefined Weak Reference
    _atexit_init                              - Undefined Weak Reference
    _call_atexit_fns                          - Undefined Weak Reference
    _clock_init                               - Undefined Weak Reference
    _fp_trap_init                             - Undefined Weak Reference
    _fp_trap_shutdown                         - Undefined Weak Reference
    _get_lc_collate                           - Undefined Weak Reference
    _get_lc_ctype                             - Undefined Weak Reference
    _get_lc_monetary                          - Undefined Weak Reference
    _get_lc_time                              - Undefined Weak Reference
    _getenv_init                              - Undefined Weak Reference
    _handle_redirection                       - Undefined Weak Reference
    _init_alloc                               - Undefined Weak Reference
    _init_user_alloc                          - Undefined Weak Reference
    _initio                                   - Undefined Weak Reference
    _printf_post_padding                      - Undefined Weak Reference
    _printf_pre_padding                       - Undefined Weak Reference
    _rand_init                                - Undefined Weak Reference
    _signal_finish                            - Undefined Weak Reference
    _signal_init                              - Undefined Weak Reference
    _terminate_alloc                          - Undefined Weak Reference
    _terminate_user_alloc                     - Undefined Weak Reference
    _terminateio                              - Undefined Weak Reference
    __Vectors_Size                           0x000000ec   Number         0  startup_stm32f10x_md.o ABSOLUTE
    __Vectors                                0x08000000   Data           4  startup_stm32f10x_md.o(RESET)
    __Vectors_End                            0x080000ec   Data           0  startup_stm32f10x_md.o(RESET)
    __main                                   0x080000ed   Thumb Code     8  __main.o(!!!main)
    __scatterload                            0x080000f5   Thumb Code     0  __scatter.o(!!!scatter)
    __scatterload_rt2                        0x080000f5   Thumb Code    44  __scatter.o(!!!scatter)
    __scatterload_rt2_thumb_only             0x080000f5   Thumb Code     0  __scatter.o(!!!scatter)
    __scatterload_null                       0x08000103   Thumb Code     0  __scatter.o(!!!scatter)
    __decompress                             0x08000129   Thumb Code    90  __dczerorl2.o(!!dczerorl2)
    __decompress1                            0x08000129   Thumb Code     0  __dczerorl2.o(!!dczerorl2)
    __scatterload_zeroinit                   0x08000185   Thumb Code    28  __scatter_zi.o(!!handler_zi)
    _printf_f                                0x080001a1   Thumb Code     0  _printf_f.o(.ARM.Collect$$_printf_percent$$00000003)
    _printf_percent                          0x080001a1   Thumb Code     0  _printf_percent.o(.ARM.Collect$$_printf_percent$$00000000)
    _printf_percent_end                      0x080001a7   Thumb Code     0  _printf_percent_end.o(.ARM.Collect$$_printf_percent$$00000017)
    __rt_lib_init                            0x080001ab   Thumb Code     0  libinit.o(.ARM.Collect$$libinit$$00000000)
    __rt_lib_init_fp_1                       0x080001ad   Thumb Code     0  libinit2.o(.ARM.Collect$$libinit$$00000002)
    __rt_lib_init_heap_1                     0x080001ad   Thumb Code     0  libinit2.o(.ARM.Collect$$libinit$$0000000A)
    __rt_lib_init_lc_common                  0x080001ad   Thumb Code     0  libinit2.o(.ARM.Collect$$libinit$$0000000F)
    __rt_lib_init_preinit_1                  0x080001ad   Thumb Code     0  libinit2.o(.ARM.Collect$$libinit$$00000004)
    __rt_lib_init_rand_1                     0x080001ad   Thumb Code     0  libinit2.o(.ARM.Collect$$libinit$$0000000E)
    __rt_lib_init_user_alloc_1               0x080001ad   Thumb Code     0  libinit2.o(.ARM.Collect$$libinit$$0000000C)
    __rt_lib_init_lc_collate_1               0x080001b3   Thumb Code     0  libinit2.o(.ARM.Collect$$libinit$$00000011)
    __rt_lib_init_lc_ctype_1                 0x080001b3   Thumb Code     0  libinit2.o(.ARM.Collect$$libinit$$00000013)
    __rt_lib_init_lc_monetary_1              0x080001b3   Thumb Code     0  libinit2.o(.ARM.Collect$$libinit$$00000015)
    __rt_lib_init_lc_numeric_2               0x080001b3   Thumb Code     0  libinit2.o(.ARM.Collect$$libinit$$00000016)
    __rt_lib_init_alloca_1                   0x080001bd   Thumb Code     0  libinit2.o(.ARM.Collect$$libinit$$0000002E)
    __rt_lib_init_argv_1                     0x080001bd   Thumb Code     0  libinit2.o(.ARM.Collect$$libinit$$0000002C)
    __rt_lib_init_atexit_1                   0x080001bd   Thumb Code     0  libinit2.o(.ARM.Collect$$libinit$$0000001B)
    __rt_lib_init_clock_1                    0x080001bd   Thumb Code     0  libinit2.o(.ARM.Collect$$libinit$$00000021)
    __rt_lib_init_cpp_1                      0x080001bd   Thumb Code     0  libinit2.o(.ARM.Collect$$libinit$$00000032)
    __rt_lib_init_exceptions_1               0x080001bd   Thumb Code     0  libinit2.o(.ARM.Collect$$libinit$$00000030)
    __rt_lib_init_fp_trap_1                  0x080001bd   Thumb Code     0  libinit2.o(.ARM.Collect$$libinit$$0000001F)
    __rt_lib_init_getenv_1                   0x080001bd   Thumb Code     0  libinit2.o(.ARM.Collect$$libinit$$00000023)
    __rt_lib_init_lc_numeric_1               0x080001bd   Thumb Code     0  libinit2.o(.ARM.Collect$$libinit$$00000017)
    __rt_lib_init_lc_time_1                  0x080001bd   Thumb Code     0  libinit2.o(.ARM.Collect$$libinit$$00000019)
    __rt_lib_init_return                     0x080001bd   Thumb Code     0  libinit2.o(.ARM.Collect$$libinit$$00000033)
    __rt_lib_init_signal_1                   0x080001bd   Thumb Code     0  libinit2.o(.ARM.Collect$$libinit$$0000001D)
    __rt_lib_init_stdio_1                    0x080001bd   Thumb Code     0  libinit2.o(.ARM.Collect$$libinit$$00000025)
    __rt_lib_shutdown                        0x080001bf   Thumb Code     0  libshutdown.o(.ARM.Collect$$libshutdown$$00000000)
    __rt_lib_shutdown_cpp_1                  0x080001c1   Thumb Code     0  libshutdown2.o(.ARM.Collect$$libshutdown$$00000002)
    __rt_lib_shutdown_fp_trap_1              0x080001c1   Thumb Code     0  libshutdown2.o(.ARM.Collect$$libshutdown$$00000007)
    __rt_lib_shutdown_heap_1                 0x080001c1   Thumb Code     0  libshutdown2.o(.ARM.Collect$$libshutdown$$0000000F)
    __rt_lib_shutdown_return                 0x080001c1   Thumb Code     0  libshutdown2.o(.ARM.Collect$$libshutdown$$00000010)
    __rt_lib_shutdown_signal_1               0x080001c1   Thumb Code     0  libshutdown2.o(.ARM.Collect$$libshutdown$$0000000A)
    __rt_lib_shutdown_stdio_1                0x080001c1   Thumb Code     0  libshutdown2.o(.ARM.Collect$$libshutdown$$00000004)
    __rt_lib_shutdown_user_alloc_1           0x080001c1   Thumb Code     0  libshutdown2.o(.ARM.Collect$$libshutdown$$0000000C)
    __rt_entry                               0x080001c3   Thumb Code     0  __rtentry.o(.ARM.Collect$$rtentry$$00000000)
    __rt_entry_presh_1                       0x080001c3   Thumb Code     0  __rtentry2.o(.ARM.Collect$$rtentry$$00000002)
    __rt_entry_sh                            0x080001c3   Thumb Code     0  __rtentry4.o(.ARM.Collect$$rtentry$$00000004)
    __rt_entry_li                            0x080001c9   Thumb Code     0  __rtentry2.o(.ARM.Collect$$rtentry$$0000000A)
    __rt_entry_postsh_1                      0x080001c9   Thumb Code     0  __rtentry2.o(.ARM.Collect$$rtentry$$00000009)
    __rt_entry_main                          0x080001cd   Thumb Code     0  __rtentry2.o(.ARM.Collect$$rtentry$$0000000D)
    __rt_entry_postli_1                      0x080001cd   Thumb Code     0  __rtentry2.o(.ARM.Collect$$rtentry$$0000000C)
    __rt_exit                                0x080001d5   Thumb Code     0  rtexit.o(.ARM.Collect$$rtexit$$00000000)
    __rt_exit_ls                             0x080001d7   Thumb Code     0  rtexit2.o(.ARM.Collect$$rtexit$$00000003)
    __rt_exit_prels_1                        0x080001d7   Thumb Code     0  rtexit2.o(.ARM.Collect$$rtexit$$00000002)
    __rt_exit_exit                           0x080001db   Thumb Code     0  rtexit2.o(.ARM.Collect$$rtexit$$00000004)
    Reset_Handler                            0x080001e1   Thumb Code     8  startup_stm32f10x_md.o(.text)
    ADC1_2_IRQHandler                        0x080001fb   Thumb Code     0  startup_stm32f10x_md.o(.text)
    CAN1_RX1_IRQHandler                      0x080001fb   Thumb Code     0  startup_stm32f10x_md.o(.text)
    CAN1_SCE_IRQHandler                      0x080001fb   Thumb Code     0  startup_stm32f10x_md.o(.text)
    DMA1_Channel1_IRQHandler                 0x080001fb   Thumb Code     0  startup_stm32f10x_md.o(.text)
    DMA1_Channel2_IRQHandler                 0x080001fb   Thumb Code     0  startup_stm32f10x_md.o(.text)
    DMA1_Channel3_IRQHandler                 0x080001fb   Thumb Code     0  startup_stm32f10x_md.o(.text)
    DMA1_Channel4_IRQHandler                 0x080001fb   Thumb Code     0  startup_stm32f10x_md.o(.text)
    DMA1_Channel5_IRQHandler                 0x080001fb   Thumb Code     0  startup_stm32f10x_md.o(.text)
    DMA1_Channel6_IRQHandler                 0x080001fb   Thumb Code     0  startup_stm32f10x_md.o(.text)
    DMA1_Channel7_IRQHandler                 0x080001fb   Thumb Code     0  startup_stm32f10x_md.o(.text)
    EXTI0_IRQHandler                         0x080001fb   Thumb Code     0  startup_stm32f10x_md.o(.text)
    EXTI1_IRQHandler                         0x080001fb   Thumb Code     0  startup_stm32f10x_md.o(.text)
    EXTI2_IRQHandler                         0x080001fb   Thumb Code     0  startup_stm32f10x_md.o(.text)
    EXTI3_IRQHandler                         0x080001fb   Thumb Code     0  startup_stm32f10x_md.o(.text)
    EXTI4_IRQHandler                         0x080001fb   Thumb Code     0  startup_stm32f10x_md.o(.text)
    EXTI9_5_IRQHandler                       0x080001fb   Thumb Code     0  startup_stm32f10x_md.o(.text)
    FLASH_IRQHandler                         0x080001fb   Thumb Code     0  startup_stm32f10x_md.o(.text)
    I2C1_ER_IRQHandler                       0x080001fb   Thumb Code     0  startup_stm32f10x_md.o(.text)
    I2C1_EV_IRQHandler                       0x080001fb   Thumb Code     0  startup_stm32f10x_md.o(.text)
    I2C2_ER_IRQHandler                       0x080001fb   Thumb Code     0  startup_stm32f10x_md.o(.text)
    I2C2_EV_IRQHandler                       0x080001fb   Thumb Code     0  startup_stm32f10x_md.o(.text)
    PVD_IRQHandler                           0x080001fb   Thumb Code     0  startup_stm32f10x_md.o(.text)
    RCC_IRQHandler                           0x080001fb   Thumb Code     0  startup_stm32f10x_md.o(.text)
    RTCAlarm_IRQHandler                      0x080001fb   Thumb Code     0  startup_stm32f10x_md.o(.text)
    RTC_IRQHandler                           0x080001fb   Thumb Code     0  startup_stm32f10x_md.o(.text)
    SPI1_IRQHandler                          0x080001fb   Thumb Code     0  startup_stm32f10x_md.o(.text)
    SPI2_IRQHandler                          0x080001fb   Thumb Code     0  startup_stm32f10x_md.o(.text)
    TAMPER_IRQHandler                        0x080001fb   Thumb Code     0  startup_stm32f10x_md.o(.text)
    TIM1_BRK_IRQHandler                      0x080001fb   Thumb Code     0  startup_stm32f10x_md.o(.text)
    TIM1_CC_IRQHandler                       0x080001fb   Thumb Code     0  startup_stm32f10x_md.o(.text)
    TIM1_TRG_COM_IRQHandler                  0x080001fb   Thumb Code     0  startup_stm32f10x_md.o(.text)
    TIM1_UP_IRQHandler                       0x080001fb   Thumb Code     0  startup_stm32f10x_md.o(.text)
    TIM4_IRQHandler                          0x080001fb   Thumb Code     0  startup_stm32f10x_md.o(.text)
    USART1_IRQHandler                        0x080001fb   Thumb Code     0  startup_stm32f10x_md.o(.text)
    USART2_IRQHandler                        0x080001fb   Thumb Code     0  startup_stm32f10x_md.o(.text)
    USART3_IRQHandler                        0x080001fb   Thumb Code     0  startup_stm32f10x_md.o(.text)
    USBWakeUp_IRQHandler                     0x080001fb   Thumb Code     0  startup_stm32f10x_md.o(.text)
    USB_HP_CAN1_TX_IRQHandler                0x080001fb   Thumb Code     0  startup_stm32f10x_md.o(.text)
    USB_LP_CAN1_RX0_IRQHandler               0x080001fb   Thumb Code     0  startup_stm32f10x_md.o(.text)
    WWDG_IRQHandler                          0x080001fb   Thumb Code     0  startup_stm32f10x_md.o(.text)
    __user_initial_stackheap                 0x080001fd   Thumb Code     0  startup_stm32f10x_md.o(.text)
    __2sprintf                               0x08000221   Thumb Code    34  noretval__2sprintf.o(.text)
    __printf                                 0x08000249   Thumb Code   270  __printf_wp.o(.text)
    strlen                                   0x08000357   Thumb Code    62  strlen.o(.text)
    __aeabi_memcpy                           0x08000395   Thumb Code     0  rt_memcpy_v6.o(.text)
    __rt_memcpy                              0x08000395   Thumb Code   138  rt_memcpy_v6.o(.text)
    _memcpy_lastbytes                        0x080003fb   Thumb Code     0  rt_memcpy_v6.o(.text)
    __aeabi_memclr                           0x0800041f   Thumb Code     0  rt_memclr.o(.text)
    __rt_memclr                              0x0800041f   Thumb Code    68  rt_memclr.o(.text)
    _memset                                  0x08000423   Thumb Code     0  rt_memclr.o(.text)
    __use_two_region_memory                  0x08000463   Thumb Code     2  heapauxi.o(.text)
    __rt_heap_escrow$2region                 0x08000465   Thumb Code     2  heapauxi.o(.text)
    __rt_heap_expand$2region                 0x08000467   Thumb Code     2  heapauxi.o(.text)
    __lib_sel_fp_printf                      0x08000469   Thumb Code     2  _printf_fp_dec.o(.text)
    _printf_fp_dec_real                      0x0800061b   Thumb Code   620  _printf_fp_dec.o(.text)
    _printf_char_common                      0x08000893   Thumb Code    32  _printf_char_common.o(.text)
    _sputc                                   0x080008b9   Thumb Code    10  _sputc.o(.text)
    __aeabi_memcpy4                          0x080008c3   Thumb Code     0  rt_memcpy_w.o(.text)
    __aeabi_memcpy8                          0x080008c3   Thumb Code     0  rt_memcpy_w.o(.text)
    __rt_memcpy_w                            0x080008c3   Thumb Code   100  rt_memcpy_w.o(.text)
    _memcpy_lastbytes_aligned                0x0800090b   Thumb Code     0  rt_memcpy_w.o(.text)
    __aeabi_memclr4                          0x08000927   Thumb Code     0  rt_memclr_w.o(.text)
    __aeabi_memclr8                          0x08000927   Thumb Code     0  rt_memclr_w.o(.text)
    __rt_memclr_w                            0x08000927   Thumb Code    78  rt_memclr_w.o(.text)
    _memset_w                                0x0800092b   Thumb Code     0  rt_memclr_w.o(.text)
    __rt_locale                              0x08000975   Thumb Code     8  rt_locale_intlibspace.o(.text)
    _ll_udiv10                               0x0800097d   Thumb Code   138  lludiv10.o(.text)
    _printf_fp_infnan                        0x08000a09   Thumb Code   112  _printf_fp_infnan.o(.text)
    _btod_etento                             0x08000a89   Thumb Code   224  bigflt0.o(.text)
    __user_libspace                          0x08000b6d   Thumb Code     8  libspace.o(.text)
    __user_perproc_libspace                  0x08000b6d   Thumb Code     0  libspace.o(.text)
    __user_perthread_libspace                0x08000b6d   Thumb Code     0  libspace.o(.text)
    __user_setup_stackheap                   0x08000b75   Thumb Code    74  sys_stackheap_outer.o(.text)
    exit                                     0x08000bbf   Thumb Code    18  exit.o(.text)
    strcmp                                   0x08000bd1   Thumb Code   128  strcmpv7m.o(.text)
    _sys_exit                                0x08000c51   Thumb Code     8  sys_exit.o(.text)
    __I$use$semihosting                      0x08000c5d   Thumb Code     0  use_no_semi.o(.text)
    __use_no_semihosting_swi                 0x08000c5d   Thumb Code     2  use_no_semi.o(.text)
    __semihosting_library_function           0x08000c5f   Thumb Code     0  indicate_semi.o(.text)
    _btod_d2e                                0x08000c5f   Thumb Code    62  btod.o(CL$$btod_d2e)
    _d2e_denorm_low                          0x08000c9d   Thumb Code    70  btod.o(CL$$btod_d2e_denorm_low)
    _d2e_norm_op1                            0x08000ce3   Thumb Code    96  btod.o(CL$$btod_d2e_norm_op1)
    __btod_div_common                        0x08000d43   Thumb Code   696  btod.o(CL$$btod_div_common)
    _e2e                                     0x0800107b   Thumb Code   220  btod.o(CL$$btod_e2e)
    _btod_ediv                               0x08001157   Thumb Code    42  btod.o(CL$$btod_ediv)
    _btod_emul                               0x08001181   Thumb Code    42  btod.o(CL$$btod_emul)
    __btod_mult_common                       0x080011ab   Thumb Code   580  btod.o(CL$$btod_mult_common)
    ADC1_Value_average                       0x080013f1   Thumb Code    86  ad.o(i.ADC1_Value_average)
    ADC_Cmd                                  0x08001455   Thumb Code    22  stm32f10x_adc.o(i.ADC_Cmd)
    ADC_DMACmd                               0x0800146b   Thumb Code    22  stm32f10x_adc.o(i.ADC_DMACmd)
    ADC_GetCalibrationStatus                 0x08001481   Thumb Code    20  stm32f10x_adc.o(i.ADC_GetCalibrationStatus)
    ADC_GetResetCalibrationStatus            0x08001495   Thumb Code    20  stm32f10x_adc.o(i.ADC_GetResetCalibrationStatus)
    ADC_Init                                 0x080014a9   Thumb Code    70  stm32f10x_adc.o(i.ADC_Init)
    ADC_RegularChannelConfig                 0x080014f9   Thumb Code   184  stm32f10x_adc.o(i.ADC_RegularChannelConfig)
    ADC_ResetCalibration                     0x080015b1   Thumb Code    10  stm32f10x_adc.o(i.ADC_ResetCalibration)
    ADC_SoftwareStartConvCmd                 0x080015bb   Thumb Code    22  stm32f10x_adc.o(i.ADC_SoftwareStartConvCmd)
    ADC_StartCalibration                     0x080015d1   Thumb Code    10  stm32f10x_adc.o(i.ADC_StartCalibration)
    AD_GetValue                              0x080015dd   Thumb Code    54  ad.o(i.AD_GetValue)
    AD_Init                                  0x0800161d   Thumb Code   280  ad.o(i.AD_Init)
    BusFault_Handler                         0x08001745   Thumb Code     4  stm32f10x_it.o(i.BusFault_Handler)
    Buzzer_turn                              0x08001749   Thumb Code    38  buzzer.o(i.Buzzer_turn)
    DMA_ClearFlag                            0x08001775   Thumb Code    18  stm32f10x_dma.o(i.DMA_ClearFlag)
    DMA_Cmd                                  0x08001791   Thumb Code    24  stm32f10x_dma.o(i.DMA_Cmd)
    DMA_GetFlagStatus                        0x080017a9   Thumb Code    36  stm32f10x_dma.o(i.DMA_GetFlagStatus)
    DMA_Init                                 0x080017d5   Thumb Code    60  stm32f10x_dma.o(i.DMA_Init)
    DMA_SetCurrDataCounter                   0x08001811   Thumb Code     4  stm32f10x_dma.o(i.DMA_SetCurrDataCounter)
    DebugMon_Handler                         0x08001815   Thumb Code     2  stm32f10x_it.o(i.DebugMon_Handler)
    Delay_ms                                 0x08001817   Thumb Code    24  delay.o(i.Delay_ms)
    Delay_us                                 0x0800182f   Thumb Code    46  delay.o(i.Delay_us)
    EXTI15_10_IRQHandler                     0x0800185d   Thumb Code    94  nrf24l01.o(i.EXTI15_10_IRQHandler)
    EXTI_ClearITPendingBit                   0x080018c5   Thumb Code     6  stm32f10x_exti.o(i.EXTI_ClearITPendingBit)
    EXTI_GetITStatus                         0x080018d1   Thumb Code    34  stm32f10x_exti.o(i.EXTI_GetITStatus)
    EXTI_Init                                0x080018f9   Thumb Code   142  stm32f10x_exti.o(i.EXTI_Init)
    GPIO_EXTILineConfig                      0x0800198d   Thumb Code    60  stm32f10x_gpio.o(i.GPIO_EXTILineConfig)
    GPIO_Init                                0x080019cd   Thumb Code   278  stm32f10x_gpio.o(i.GPIO_Init)
    GPIO_PinRemapConfig                      0x08001ae5   Thumb Code   138  stm32f10x_gpio.o(i.GPIO_PinRemapConfig)
    GPIO_ReadInputDataBit                    0x08001b75   Thumb Code    18  stm32f10x_gpio.o(i.GPIO_ReadInputDataBit)
    GPIO_ReadOutputDataBit                   0x08001b87   Thumb Code    18  stm32f10x_gpio.o(i.GPIO_ReadOutputDataBit)
    GPIO_ResetBits                           0x08001b99   Thumb Code     4  stm32f10x_gpio.o(i.GPIO_ResetBits)
    GPIO_SetBits                             0x08001b9d   Thumb Code     4  stm32f10x_gpio.o(i.GPIO_SetBits)
    GPIO_WriteBit                            0x08001ba1   Thumb Code    10  stm32f10x_gpio.o(i.GPIO_WriteBit)
    GetNowTime                               0x08001bad   Thumb Code     6  key.o(i.GetNowTime)
    HardFault_Handler                        0x08001bb9   Thumb Code     4  stm32f10x_it.o(i.HardFault_Handler)
    IWDG_Enable                              0x08001bbd   Thumb Code    10  stm32f10x_iwdg.o(i.IWDG_Enable)
    IWDG_Feed                                0x08001bcd   Thumb Code     8  iwdg.o(i.IWDG_Feed)
    IWDG_Init                                0x08001bd5   Thumb Code    36  iwdg.o(i.IWDG_Init)
    IWDG_ReloadCounter                       0x08001bf9   Thumb Code    10  stm32f10x_iwdg.o(i.IWDG_ReloadCounter)
    IWDG_SetPrescaler                        0x08001c09   Thumb Code     6  stm32f10x_iwdg.o(i.IWDG_SetPrescaler)
    IWDG_SetReload                           0x08001c15   Thumb Code     6  stm32f10x_iwdg.o(i.IWDG_SetReload)
    IWDG_WriteAccessCmd                      0x08001c21   Thumb Code     6  stm32f10x_iwdg.o(i.IWDG_WriteAccessCmd)
    Key_Init                                 0x08001c2d   Thumb Code   136  key.o(i.Key_Init)
    Key_InitState                            0x08001cc5   Thumb Code    74  key.o(i.Key_InitState)
    Key_Pressed                              0x08001d15   Thumb Code   166  key.o(i.Key_Pressed)
    LED_Init                                 0x08001dc9   Thumb Code    62  led_driver.o(i.LED_Init)
    Load_Data_to_Tx_Buffer                   0x08001e11   Thumb Code   102  nrf24l01.o(i.Load_Data_to_Tx_Buffer)
    MemManage_Handler                        0x08001e99   Thumb Code     4  stm32f10x_it.o(i.MemManage_Handler)
    NMI_Handler                              0x08001e9d   Thumb Code     2  stm32f10x_it.o(i.NMI_Handler)
    NRF24L01_Check                           0x08001ea1   Thumb Code    70  nrf24l01.o(i.NRF24L01_Check)
    NRF24L01_Init_Common                     0x08001ef1   Thumb Code   350  nrf24l01.o(i.NRF24L01_Init_Common)
    NRF24L01_Read_Buf                        0x08002081   Thumb Code    64  nrf24l01.o(i.NRF24L01_Read_Buf)
    NRF24L01_Read_Reg                        0x080020c9   Thumb Code    46  nrf24l01.o(i.NRF24L01_Read_Reg)
    NRF24L01_Set_TX_Mode                     0x08002101   Thumb Code   108  nrf24l01.o(i.NRF24L01_Set_TX_Mode)
    NRF24L01_SpiRW                           0x08002179   Thumb Code    82  nrf24l01.o(i.NRF24L01_SpiRW)
    NRF24L01_Write_Buf                       0x080021d1   Thumb Code    62  nrf24l01.o(i.NRF24L01_Write_Buf)
    NRF24L01_Write_Reg                       0x08002219   Thumb Code    50  nrf24l01.o(i.NRF24L01_Write_Reg)
    NRF24_Process                            0x08002255   Thumb Code    90  nrf24l01.o(i.NRF24_Process)
    NVIC_Init                                0x080022bd   Thumb Code   100  misc.o(i.NVIC_Init)
    NVIC_PriorityGroupConfig                 0x0800232d   Thumb Code    10  misc.o(i.NVIC_PriorityGroupConfig)
    OLED_Clear                               0x08002341   Thumb Code    42  oled.o(i.OLED_Clear)
    OLED_I2C_Init                            0x0800236d   Thumb Code    58  oled.o(i.OLED_I2C_Init)
    OLED_I2C_SendByte                        0x080023ad   Thumb Code    74  oled.o(i.OLED_I2C_SendByte)
    OLED_I2C_Start                           0x080023fd   Thumb Code    44  oled.o(i.OLED_I2C_Start)
    OLED_I2C_Stop                            0x0800242d   Thumb Code    34  oled.o(i.OLED_I2C_Stop)
    OLED_Init                                0x08002455   Thumb Code   174  oled.o(i.OLED_Init)
    OLED_NewFrame                            0x08002505   Thumb Code    14  oled.o(i.OLED_NewFrame)
    OLED_Pow                                 0x08002519   Thumb Code    20  oled.o(i.OLED_Pow)
    OLED_PrintASCIIChar                      0x0800252d   Thumb Code    76  oled.o(i.OLED_PrintASCIIChar)
    OLED_PrintASCIINum                       0x08002579   Thumb Code    82  oled.o(i.OLED_PrintASCIINum)
    OLED_PrintASCIIString                    0x080025cb   Thumb Code    54  oled.o(i.OLED_PrintASCIIString)
    OLED_Send                                0x08002601   Thumb Code    26  oled.o(i.OLED_Send)
    OLED_SetBits                             0x0800261b   Thumb Code    98  oled.o(i.OLED_SetBits)
    OLED_SetBits_Fine                        0x0800267d   Thumb Code   136  oled.o(i.OLED_SetBits_Fine)
    OLED_SetBlock                            0x08002705   Thumb Code   154  oled.o(i.OLED_SetBlock)
    OLED_SetByte_Fine                        0x080027a1   Thumb Code   116  oled.o(i.OLED_SetByte_Fine)
    OLED_SetCursor                           0x0800281d   Thumb Code    34  oled.o(i.OLED_SetCursor)
    OLED_ShowFrame                           0x08002841   Thumb Code    66  oled.o(i.OLED_ShowFrame)
    OLED_WriteCommand                        0x0800288d   Thumb Code    32  oled.o(i.OLED_WriteCommand)
    OLED_WriteData                           0x080028ad   Thumb Code    32  oled.o(i.OLED_WriteData)
    PendSV_Handler                           0x080028cd   Thumb Code     2  stm32f10x_it.o(i.PendSV_Handler)
    RCC_ADCCLKConfig                         0x080028d1   Thumb Code    18  stm32f10x_rcc.o(i.RCC_ADCCLKConfig)
    RCC_AHBPeriphClockCmd                    0x080028e9   Thumb Code    26  stm32f10x_rcc.o(i.RCC_AHBPeriphClockCmd)
    RCC_APB1PeriphClockCmd                   0x08002909   Thumb Code    26  stm32f10x_rcc.o(i.RCC_APB1PeriphClockCmd)
    RCC_APB2PeriphClockCmd                   0x08002929   Thumb Code    26  stm32f10x_rcc.o(i.RCC_APB2PeriphClockCmd)
    RC_TxPacket_Async                        0x08002949   Thumb Code    48  rc.o(i.RC_TxPacket_Async)
    Rocker_SW_Init                           0x08002981   Thumb Code    96  hw504.o(i.Rocker_SW_Init)
    SPI_Cmd                                  0x080029e9   Thumb Code    24  stm32f10x_spi.o(i.SPI_Cmd)
    SPI_I2S_GetFlagStatus                    0x08002a01   Thumb Code    18  stm32f10x_spi.o(i.SPI_I2S_GetFlagStatus)
    SPI_I2S_ReceiveData                      0x08002a13   Thumb Code     6  stm32f10x_spi.o(i.SPI_I2S_ReceiveData)
    SPI_I2S_SendData                         0x08002a19   Thumb Code     4  stm32f10x_spi.o(i.SPI_I2S_SendData)
    SPI_Init                                 0x08002a1d   Thumb Code    60  stm32f10x_spi.o(i.SPI_Init)
    SVC_Handler                              0x08002a59   Thumb Code     2  stm32f10x_it.o(i.SVC_Handler)
    SysTick_Handler                          0x08002b45   Thumb Code     2  stm32f10x_it.o(i.SysTick_Handler)
    SystemInit                               0x08002b49   Thumb Code    78  system_stm32f10x.o(i.SystemInit)
    TIM2_IRQHandler                          0x08002ba9   Thumb Code   582  key.o(i.TIM2_IRQHandler)
    TIM2_Init                                0x08002df9   Thumb Code   122  timer.o(i.TIM2_Init)
    TIM3_IRQHandler                          0x08002e75   Thumb Code    28  main.o(i.TIM3_IRQHandler)
    TIM3_Init                                0x08002e99   Thumb Code   116  timer.o(i.TIM3_Init)
    TIM_ClearFlag                            0x08002f11   Thumb Code     6  stm32f10x_tim.o(i.TIM_ClearFlag)
    TIM_ClearITPendingBit                    0x08002f17   Thumb Code     6  stm32f10x_tim.o(i.TIM_ClearITPendingBit)
    TIM_Cmd                                  0x08002f1d   Thumb Code    24  stm32f10x_tim.o(i.TIM_Cmd)
    TIM_GetITStatus                          0x08002f35   Thumb Code    34  stm32f10x_tim.o(i.TIM_GetITStatus)
    TIM_ITConfig                             0x08002f57   Thumb Code    18  stm32f10x_tim.o(i.TIM_ITConfig)
    TIM_InternalClockConfig                  0x08002f69   Thumb Code    12  stm32f10x_tim.o(i.TIM_InternalClockConfig)
    TIM_TimeBaseInit                         0x08002f75   Thumb Code   122  stm32f10x_tim.o(i.TIM_TimeBaseInit)
    UsageFault_Handler                       0x0800303d   Thumb Code     4  stm32f10x_it.o(i.UsageFault_Handler)
    __ARM_fpclassify                         0x08003041   Thumb Code    40  fpclassify.o(i.__ARM_fpclassify)
    _is_digit                                0x08003069   Thumb Code    14  __printf_wp.o(i._is_digit)
    bend_func                                0x08003079   Thumb Code     8  ui.o(i.bend_func)
    exit_func                                0x0800309d   Thumb Code     8  ui.o(i.exit_func)
    height_func                              0x080030a9   Thumb Code   122  ui.o(i.height_func)
    init_func                                0x08003135   Thumb Code     8  ui.o(i.init_func)
    jump_ctrl_func                           0x08003141   Thumb Code    14  ui.o(i.jump_ctrl_func)
    jump_exe_func                            0x08003159   Thumb Code    14  ui.o(i.jump_exe_func)
    jump_pre_func                            0x08003171   Thumb Code   172  ui.o(i.jump_pre_func)
    lean_func                                0x08003249   Thumb Code     8  ui.o(i.lean_func)
    main                                     0x08003255   Thumb Code   268  main.o(i.main)
    main_func                                0x080033a5   Thumb Code    14  ui.o(i.main_func)
    menu_back                                0x080033bd   Thumb Code    40  ui.o(i.menu_back)
    menu_ctrl                                0x080033ed   Thumb Code   114  ui.o(i.menu_ctrl)
    menu_down                                0x0800346d   Thumb Code    74  ui.o(i.menu_down)
    menu_draw                                0x080034bd   Thumb Code   150  ui.o(i.menu_draw)
    menu_enter                               0x08003561   Thumb Code   288  ui.o(i.menu_enter)
    menu_up                                  0x08003689   Thumb Code    72  ui.o(i.menu_up)
    set_idle_func                            0x080036d5   Thumb Code     8  ui.o(i.set_idle_func)
    set_stop_func                            0x080036e1   Thumb Code     8  ui.o(i.set_stop_func)
    show_bat_func                            0x080036ed   Thumb Code    20  ui.o(i.show_bat_func)
    trans_disable_func                       0x08003709   Thumb Code     8  ui.o(i.trans_disable_func)
    trans_enable_func                        0x08003715   Thumb Code     8  ui.o(i.trans_enable_func)
    _get_lc_numeric                          0x08003721   Thumb Code    44  lc_numeric_c.o(locale$$code)
    __aeabi_d2f                              0x0800374d   Thumb Code     0  d2f.o(x$fpl$d2f)
    _d2f                                     0x0800374d   Thumb Code    98  d2f.o(x$fpl$d2f)
    __fpl_dcmp_Inf                           0x080037af   Thumb Code    24  dcmpi.o(x$fpl$dcmpinf)
    __aeabi_cdcmple                          0x080037c9   Thumb Code     0  dleqf.o(x$fpl$dleqf)
    _dcmple                                  0x080037c9   Thumb Code   120  dleqf.o(x$fpl$dleqf)
    __fpl_dcmple_InfNaN                      0x0800382b   Thumb Code     0  dleqf.o(x$fpl$dleqf)
    __aeabi_dmul                             0x08003841   Thumb Code     0  dmul.o(x$fpl$dmul)
    _dmul                                    0x08003841   Thumb Code   332  dmul.o(x$fpl$dmul)
    __fpl_dnaninf                            0x08003995   Thumb Code   156  dnaninf.o(x$fpl$dnaninf)
    __fpl_dretinf                            0x08003a31   Thumb Code    12  dretinf.o(x$fpl$dretinf)
    __aeabi_cdrcmple                         0x08003a3d   Thumb Code     0  drleqf.o(x$fpl$drleqf)
    _drcmple                                 0x08003a3d   Thumb Code   108  drleqf.o(x$fpl$drleqf)
    __aeabi_f2d                              0x08003aa9   Thumb Code     0  f2d.o(x$fpl$f2d)
    _f2d                                     0x08003aa9   Thumb Code    86  f2d.o(x$fpl$f2d)
    __aeabi_fdiv                             0x08003b01   Thumb Code     0  fdiv.o(x$fpl$fdiv)
    _fdiv                                    0x08003b01   Thumb Code   384  fdiv.o(x$fpl$fdiv)
    __aeabi_ui2f                             0x08003c85   Thumb Code     0  fflt_clz.o(x$fpl$ffltu)
    _ffltu                                   0x08003c85   Thumb Code    38  fflt_clz.o(x$fpl$ffltu)
    __fpl_fnaninf                            0x08003cab   Thumb Code   140  fnaninf.o(x$fpl$fnaninf)
    __fpl_fretinf                            0x08003d37   Thumb Code    10  fretinf.o(x$fpl$fretinf)
    _printf_fp_dec                           0x08003d41   Thumb Code     4  printf1.o(x$fpl$printf1)
    NRF_COMMON_ADDR                          0x08003d44   Data           5  nrf24l01.o(.constdata)
    __I$use$fp                               0x08003d44   Number         0  usenofp.o(x$fpl$usenofp)
    ascii_8x6                                0x08003d4c   Data         552  font.o(.constdata)
    afont8x6                                 0x08003f74   Data           8  font.o(.constdata)
    ascii_12x6                               0x08003f7c   Data        1140  font.o(.constdata)
    afont12x6                                0x080043f0   Data           8  font.o(.constdata)
    ascii_16x8                               0x080043f8   Data        1520  font.o(.constdata)
    afont16x8                                0x080049e8   Data           8  font.o(.constdata)
    ascii_24x12                              0x080049f0   Data        3420  font.o(.constdata)
    afont24x12                               0x0800574c   Data           8  font.o(.constdata)
    zh16x16                                  0x08005754   Data         144  font.o(.constdata)
    font16x16                                0x080057e4   Data          16  font.o(.constdata)
    zh14x14                                  0x080057f4   Data          64  font.o(.constdata)
    font14x14                                0x08005834   Data          16  font.o(.constdata)
    circleData                               0x08005844   Data           4  font.o(.constdata)
    circleImg                                0x08005848   Data           8  font.o(.constdata)
    rockerData                               0x08005850   Data          72  font.o(.constdata)
    rockerImg                                0x08005898   Data           8  font.o(.constdata)
    buttomData                               0x080058a0   Data           6  font.o(.constdata)
    buttomImg                                0x080058a8   Data           8  font.o(.constdata)
    Region$$Table$$Base                      0x08005a78   Number         0  anon$$obj.o(Region$$Table)
    Region$$Table$$Limit                     0x08005a98   Number         0  anon$$obj.o(Region$$Table)
    currentMenu                              0x20000008   Data           4  ui.o(.data)
    curren_func                              0x2000000c   Data           4  ui.o(.data)
    batViewingItems                          0x20000010   Data          12  ui.o(.data)
    batViewingMenu                           0x2000001c   Data          16  ui.o(.data)
    settingsItems                            0x2000002c   Data          36  ui.o(.data)
    settingsMenu                             0x20000050   Data          16  ui.o(.data)
    idleOrStopSettingsItems                  0x20000060   Data          24  ui.o(.data)
    idleOrStopSettingsMenu                   0x20000078   Data          16  ui.o(.data)
    transSettingsItems                       0x20000088   Data          24  ui.o(.data)
    transSettingsMenu                        0x200000a0   Data          16  ui.o(.data)
    preJumpSettingsItems                     0x200000b0   Data          24  ui.o(.data)
    preJumpSettingsMenu                      0x200000c8   Data          16  ui.o(.data)
    jumpctrlSettingsItems                    0x200000d8   Data          24  ui.o(.data)
    jumpctrlSettingsMenu                     0x200000f0   Data          16  ui.o(.data)
    mainMenuItems                            0x20000100   Data          48  ui.o(.data)
    mainMenu                                 0x20000130   Data          16  ui.o(.data)
    startMenuItems                           0x20000140   Data          36  ui.o(.data)
    startMenu                                0x20000164   Data          16  ui.o(.data)
    jumpPreCmdItems                          0x20000174   Data           8  ui.o(.data)
    jumpCtrlcmdItems                         0x2000017c   Data           8  ui.o(.data)
    menu_functions                           0x20000184   Data          20  ui.o(.data)
    height                                   0x20000198   Data           1  rc.o(.data)
    angle                                    0x20000199   Data           1  rc.o(.data)
    ctrl_state                               0x2000019a   Data           1  rc.o(.data)
    translate_state                          0x2000019b   Data           1  rc.o(.data)
    idle_state                               0x2000019c   Data           1  rc.o(.data)
    jump_state                               0x2000019d   Data           1  rc.o(.data)
    AV_Sample_Buffer                         0x2000019e   Data           8  ad.o(.data)
    NRF_CE_Port                              0x200001a8   Data           4  main.o(.data)
    NRF_CE_Pin                               0x200001ac   Data           2  main.o(.data)
    NRF_CSN_Port                             0x200001b0   Data           4  main.o(.data)
    NRF_CSN_Pin                              0x200001b4   Data           2  main.o(.data)
    NRF_IRQ_Port                             0x200001b8   Data           4  main.o(.data)
    NRF_IRQ_Pin                              0x200001bc   Data           2  main.o(.data)
    NRF_MOSI_Port                            0x200001c0   Data           4  main.o(.data)
    NRF_MOSI_Pin                             0x200001c4   Data           2  main.o(.data)
    NRF_MISO_Port                            0x200001c8   Data           4  main.o(.data)
    NRF_MISO_Pin                             0x200001cc   Data           2  main.o(.data)
    NRF_SCK_Port                             0x200001d0   Data           4  main.o(.data)
    NRF_SCK_Pin                              0x200001d4   Data           2  main.o(.data)
    BAT                                      0x200001d8   Data           4  main.o(.data)
    rx_flag                                  0x200001dc   Data           1  main.o(.data)
    tx_done                                  0x200001dd   Data           1  main.o(.data)
    keystatebuffer                           0x200001e0   Data         200  key.o(.bss)
    key_event_buffer                         0x200002a8   Data          10  key.o(.bss)
    OLED_GRAM                                0x200002b2   Data        1024  oled.o(.bss)
    tx_context                               0x20000733   Data          12  rc.o(.bss)
    AD_Value                                 0x20000740   Data          10  ad.o(.bss)
    ALL_Sample_Buffer                        0x2000074c   Data          16  ad.o(.bss)
    bat_value_str_buffer                     0x2000075c   Data          20  main.o(.bss)
    tx_buffer                                0x20000770   Data          11  main.o(.bss)
    __libspace_start                         0x2000077c   Data          96  libspace.o(.bss)
    __temporary_stack_top$libspace           0x200007dc   Data           0  libspace.o(.bss)



==============================================================================

Memory Map of the image

  Image Entry point : 0x080000ed

  Load Region LR_IROM1 (Base: 0x08000000, Size: 0x00005c94, Max: 0x00010000, ABSOLUTE, COMPRESSED[0x00005bc4])

    Execution Region ER_IROM1 (Exec base: 0x08000000, Load base: 0x08000000, Size: 0x00005ab4, Max: 0x00010000, ABSOLUTE)

    Exec Addr    Load Addr    Size         Type   Attr      Idx    E Section Name        Object

    0x08000000   0x08000000   0x000000ec   Data   RO            3    RESET               startup_stm32f10x_md.o
    0x080000ec   0x080000ec   0x00000008   Code   RO         4192  * !!!main             c_w.l(__main.o)
    0x080000f4   0x080000f4   0x00000034   Code   RO         4456    !!!scatter          c_w.l(__scatter.o)
    0x08000128   0x08000128   0x0000005a   Code   RO         4454    !!dczerorl2         c_w.l(__dczerorl2.o)
    0x08000182   0x08000182   0x00000002   PAD
    0x08000184   0x08000184   0x0000001c   Code   RO         4458    !!handler_zi        c_w.l(__scatter_zi.o)
    0x080001a0   0x080001a0   0x00000000   Code   RO         4181    .ARM.Collect$$_printf_percent$$00000000  c_w.l(_printf_percent.o)
    0x080001a0   0x080001a0   0x00000006   Code   RO         4180    .ARM.Collect$$_printf_percent$$00000003  c_w.l(_printf_f.o)
    0x080001a6   0x080001a6   0x00000004   Code   RO         4239    .ARM.Collect$$_printf_percent$$00000017  c_w.l(_printf_percent_end.o)
    0x080001aa   0x080001aa   0x00000002   Code   RO         4327    .ARM.Collect$$libinit$$00000000  c_w.l(libinit.o)
    0x080001ac   0x080001ac   0x00000000   Code   RO         4329    .ARM.Collect$$libinit$$00000002  c_w.l(libinit2.o)
    0x080001ac   0x080001ac   0x00000000   Code   RO         4331    .ARM.Collect$$libinit$$00000004  c_w.l(libinit2.o)
    0x080001ac   0x080001ac   0x00000000   Code   RO         4334    .ARM.Collect$$libinit$$0000000A  c_w.l(libinit2.o)
    0x080001ac   0x080001ac   0x00000000   Code   RO         4336    .ARM.Collect$$libinit$$0000000C  c_w.l(libinit2.o)
    0x080001ac   0x080001ac   0x00000000   Code   RO         4338    .ARM.Collect$$libinit$$0000000E  c_w.l(libinit2.o)
    0x080001ac   0x080001ac   0x00000006   Code   RO         4339    .ARM.Collect$$libinit$$0000000F  c_w.l(libinit2.o)
    0x080001b2   0x080001b2   0x00000000   Code   RO         4341    .ARM.Collect$$libinit$$00000011  c_w.l(libinit2.o)
    0x080001b2   0x080001b2   0x00000000   Code   RO         4343    .ARM.Collect$$libinit$$00000013  c_w.l(libinit2.o)
    0x080001b2   0x080001b2   0x00000000   Code   RO         4345    .ARM.Collect$$libinit$$00000015  c_w.l(libinit2.o)
    0x080001b2   0x080001b2   0x0000000a   Code   RO         4346    .ARM.Collect$$libinit$$00000016  c_w.l(libinit2.o)
    0x080001bc   0x080001bc   0x00000000   Code   RO         4347    .ARM.Collect$$libinit$$00000017  c_w.l(libinit2.o)
    0x080001bc   0x080001bc   0x00000000   Code   RO         4349    .ARM.Collect$$libinit$$00000019  c_w.l(libinit2.o)
    0x080001bc   0x080001bc   0x00000000   Code   RO         4351    .ARM.Collect$$libinit$$0000001B  c_w.l(libinit2.o)
    0x080001bc   0x080001bc   0x00000000   Code   RO         4353    .ARM.Collect$$libinit$$0000001D  c_w.l(libinit2.o)
    0x080001bc   0x080001bc   0x00000000   Code   RO         4355    .ARM.Collect$$libinit$$0000001F  c_w.l(libinit2.o)
    0x080001bc   0x080001bc   0x00000000   Code   RO         4357    .ARM.Collect$$libinit$$00000021  c_w.l(libinit2.o)
    0x080001bc   0x080001bc   0x00000000   Code   RO         4359    .ARM.Collect$$libinit$$00000023  c_w.l(libinit2.o)
    0x080001bc   0x080001bc   0x00000000   Code   RO         4361    .ARM.Collect$$libinit$$00000025  c_w.l(libinit2.o)
    0x080001bc   0x080001bc   0x00000000   Code   RO         4365    .ARM.Collect$$libinit$$0000002C  c_w.l(libinit2.o)
    0x080001bc   0x080001bc   0x00000000   Code   RO         4367    .ARM.Collect$$libinit$$0000002E  c_w.l(libinit2.o)
    0x080001bc   0x080001bc   0x00000000   Code   RO         4369    .ARM.Collect$$libinit$$00000030  c_w.l(libinit2.o)
    0x080001bc   0x080001bc   0x00000000   Code   RO         4371    .ARM.Collect$$libinit$$00000032  c_w.l(libinit2.o)
    0x080001bc   0x080001bc   0x00000002   Code   RO         4372    .ARM.Collect$$libinit$$00000033  c_w.l(libinit2.o)
    0x080001be   0x080001be   0x00000002   Code   RO         4402    .ARM.Collect$$libshutdown$$00000000  c_w.l(libshutdown.o)
    0x080001c0   0x080001c0   0x00000000   Code   RO         4413    .ARM.Collect$$libshutdown$$00000002  c_w.l(libshutdown2.o)
    0x080001c0   0x080001c0   0x00000000   Code   RO         4415    .ARM.Collect$$libshutdown$$00000004  c_w.l(libshutdown2.o)
    0x080001c0   0x080001c0   0x00000000   Code   RO         4418    .ARM.Collect$$libshutdown$$00000007  c_w.l(libshutdown2.o)
    0x080001c0   0x080001c0   0x00000000   Code   RO         4421    .ARM.Collect$$libshutdown$$0000000A  c_w.l(libshutdown2.o)
    0x080001c0   0x080001c0   0x00000000   Code   RO         4423    .ARM.Collect$$libshutdown$$0000000C  c_w.l(libshutdown2.o)
    0x080001c0   0x080001c0   0x00000000   Code   RO         4426    .ARM.Collect$$libshutdown$$0000000F  c_w.l(libshutdown2.o)
    0x080001c0   0x080001c0   0x00000002   Code   RO         4427    .ARM.Collect$$libshutdown$$00000010  c_w.l(libshutdown2.o)
    0x080001c2   0x080001c2   0x00000000   Code   RO         4232    .ARM.Collect$$rtentry$$00000000  c_w.l(__rtentry.o)
    0x080001c2   0x080001c2   0x00000000   Code   RO         4256    .ARM.Collect$$rtentry$$00000002  c_w.l(__rtentry2.o)
    0x080001c2   0x080001c2   0x00000006   Code   RO         4268    .ARM.Collect$$rtentry$$00000004  c_w.l(__rtentry4.o)
    0x080001c8   0x080001c8   0x00000000   Code   RO         4258    .ARM.Collect$$rtentry$$00000009  c_w.l(__rtentry2.o)
    0x080001c8   0x080001c8   0x00000004   Code   RO         4259    .ARM.Collect$$rtentry$$0000000A  c_w.l(__rtentry2.o)
    0x080001cc   0x080001cc   0x00000000   Code   RO         4261    .ARM.Collect$$rtentry$$0000000C  c_w.l(__rtentry2.o)
    0x080001cc   0x080001cc   0x00000008   Code   RO         4262    .ARM.Collect$$rtentry$$0000000D  c_w.l(__rtentry2.o)
    0x080001d4   0x080001d4   0x00000002   Code   RO         4373    .ARM.Collect$$rtexit$$00000000  c_w.l(rtexit.o)
    0x080001d6   0x080001d6   0x00000000   Code   RO         4380    .ARM.Collect$$rtexit$$00000002  c_w.l(rtexit2.o)
    0x080001d6   0x080001d6   0x00000004   Code   RO         4381    .ARM.Collect$$rtexit$$00000003  c_w.l(rtexit2.o)
    0x080001da   0x080001da   0x00000006   Code   RO         4382    .ARM.Collect$$rtexit$$00000004  c_w.l(rtexit2.o)
    0x080001e0   0x080001e0   0x00000040   Code   RO            4    .text               startup_stm32f10x_md.o
    0x08000220   0x08000220   0x00000028   Code   RO         4156    .text               c_w.l(noretval__2sprintf.o)
    0x08000248   0x08000248   0x0000010e   Code   RO         4168    .text               c_w.l(__printf_wp.o)
    0x08000356   0x08000356   0x0000003e   Code   RO         4184    .text               c_w.l(strlen.o)
    0x08000394   0x08000394   0x0000008a   Code   RO         4186    .text               c_w.l(rt_memcpy_v6.o)
    0x0800041e   0x0800041e   0x00000044   Code   RO         4188    .text               c_w.l(rt_memclr.o)
    0x08000462   0x08000462   0x00000006   Code   RO         4190    .text               c_w.l(heapauxi.o)
    0x08000468   0x08000468   0x0000041e   Code   RO         4233    .text               c_w.l(_printf_fp_dec.o)
    0x08000886   0x08000886   0x00000002   PAD
    0x08000888   0x08000888   0x00000030   Code   RO         4235    .text               c_w.l(_printf_char_common.o)
    0x080008b8   0x080008b8   0x0000000a   Code   RO         4237    .text               c_w.l(_sputc.o)
    0x080008c2   0x080008c2   0x00000064   Code   RO         4240    .text               c_w.l(rt_memcpy_w.o)
    0x08000926   0x08000926   0x0000004e   Code   RO         4242    .text               c_w.l(rt_memclr_w.o)
    0x08000974   0x08000974   0x00000008   Code   RO         4273    .text               c_w.l(rt_locale_intlibspace.o)
    0x0800097c   0x0800097c   0x0000008a   Code   RO         4275    .text               c_w.l(lludiv10.o)
    0x08000a06   0x08000a06   0x00000002   PAD
    0x08000a08   0x08000a08   0x00000080   Code   RO         4277    .text               c_w.l(_printf_fp_infnan.o)
    0x08000a88   0x08000a88   0x000000e4   Code   RO         4281    .text               c_w.l(bigflt0.o)
    0x08000b6c   0x08000b6c   0x00000008   Code   RO         4313    .text               c_w.l(libspace.o)
    0x08000b74   0x08000b74   0x0000004a   Code   RO         4316    .text               c_w.l(sys_stackheap_outer.o)
    0x08000bbe   0x08000bbe   0x00000012   Code   RO         4318    .text               c_w.l(exit.o)
    0x08000bd0   0x08000bd0   0x00000080   Code   RO         4320    .text               c_w.l(strcmpv7m.o)
    0x08000c50   0x08000c50   0x0000000c   Code   RO         4392    .text               c_w.l(sys_exit.o)
    0x08000c5c   0x08000c5c   0x00000002   Code   RO         4403    .text               c_w.l(use_no_semi.o)
    0x08000c5e   0x08000c5e   0x00000000   Code   RO         4405    .text               c_w.l(indicate_semi.o)
    0x08000c5e   0x08000c5e   0x0000003e   Code   RO         4284    CL$$btod_d2e        c_w.l(btod.o)
    0x08000c9c   0x08000c9c   0x00000046   Code   RO         4286    CL$$btod_d2e_denorm_low  c_w.l(btod.o)
    0x08000ce2   0x08000ce2   0x00000060   Code   RO         4285    CL$$btod_d2e_norm_op1  c_w.l(btod.o)
    0x08000d42   0x08000d42   0x00000338   Code   RO         4294    CL$$btod_div_common  c_w.l(btod.o)
    0x0800107a   0x0800107a   0x000000dc   Code   RO         4291    CL$$btod_e2e        c_w.l(btod.o)
    0x08001156   0x08001156   0x0000002a   Code   RO         4288    CL$$btod_ediv       c_w.l(btod.o)
    0x08001180   0x08001180   0x0000002a   Code   RO         4287    CL$$btod_emul       c_w.l(btod.o)
    0x080011aa   0x080011aa   0x00000244   Code   RO         4293    CL$$btod_mult_common  c_w.l(btod.o)
    0x080013ee   0x080013ee   0x00000002   PAD
    0x080013f0   0x080013f0   0x00000064   Code   RO          959    i.ADC1_Value_average  ad.o
    0x08001454   0x08001454   0x00000016   Code   RO         1161    i.ADC_Cmd           stm32f10x_adc.o
    0x0800146a   0x0800146a   0x00000016   Code   RO         1162    i.ADC_DMACmd        stm32f10x_adc.o
    0x08001480   0x08001480   0x00000014   Code   RO         1169    i.ADC_GetCalibrationStatus  stm32f10x_adc.o
    0x08001494   0x08001494   0x00000014   Code   RO         1175    i.ADC_GetResetCalibrationStatus  stm32f10x_adc.o
    0x080014a8   0x080014a8   0x00000050   Code   RO         1179    i.ADC_Init          stm32f10x_adc.o
    0x080014f8   0x080014f8   0x000000b8   Code   RO         1183    i.ADC_RegularChannelConfig  stm32f10x_adc.o
    0x080015b0   0x080015b0   0x0000000a   Code   RO         1184    i.ADC_ResetCalibration  stm32f10x_adc.o
    0x080015ba   0x080015ba   0x00000016   Code   RO         1186    i.ADC_SoftwareStartConvCmd  stm32f10x_adc.o
    0x080015d0   0x080015d0   0x0000000a   Code   RO         1188    i.ADC_StartCalibration  stm32f10x_adc.o
    0x080015da   0x080015da   0x00000002   PAD
    0x080015dc   0x080015dc   0x00000040   Code   RO          960    i.AD_GetValue       ad.o
    0x0800161c   0x0800161c   0x00000128   Code   RO          961    i.AD_Init           ad.o
    0x08001744   0x08001744   0x00000004   Code   RO         1053    i.BusFault_Handler  stm32f10x_it.o
    0x08001748   0x08001748   0x0000002c   Code   RO          786    i.Buzzer_turn       buzzer.o
    0x08001774   0x08001774   0x0000001c   Code   RO         1865    i.DMA_ClearFlag     stm32f10x_dma.o
    0x08001790   0x08001790   0x00000018   Code   RO         1867    i.DMA_Cmd           stm32f10x_dma.o
    0x080017a8   0x080017a8   0x0000002c   Code   RO         1870    i.DMA_GetFlagStatus  stm32f10x_dma.o
    0x080017d4   0x080017d4   0x0000003c   Code   RO         1873    i.DMA_Init          stm32f10x_dma.o
    0x08001810   0x08001810   0x00000004   Code   RO         1874    i.DMA_SetCurrDataCounter  stm32f10x_dma.o
    0x08001814   0x08001814   0x00000002   Code   RO         1054    i.DebugMon_Handler  stm32f10x_it.o
    0x08001816   0x08001816   0x00000018   Code   RO          137    i.Delay_ms          delay.o
    0x0800182e   0x0800182e   0x0000002e   Code   RO          139    i.Delay_us          delay.o
    0x0800185c   0x0800185c   0x00000068   Code   RO          813    i.EXTI15_10_IRQHandler  nrf24l01.o
    0x080018c4   0x080018c4   0x0000000c   Code   RO         1941    i.EXTI_ClearITPendingBit  stm32f10x_exti.o
    0x080018d0   0x080018d0   0x00000028   Code   RO         1945    i.EXTI_GetITStatus  stm32f10x_exti.o
    0x080018f8   0x080018f8   0x00000094   Code   RO         1946    i.EXTI_Init         stm32f10x_exti.o
    0x0800198c   0x0800198c   0x00000040   Code   RO         2300    i.GPIO_EXTILineConfig  stm32f10x_gpio.o
    0x080019cc   0x080019cc   0x00000116   Code   RO         2303    i.GPIO_Init         stm32f10x_gpio.o
    0x08001ae2   0x08001ae2   0x00000002   PAD
    0x08001ae4   0x08001ae4   0x00000090   Code   RO         2305    i.GPIO_PinRemapConfig  stm32f10x_gpio.o
    0x08001b74   0x08001b74   0x00000012   Code   RO         2307    i.GPIO_ReadInputDataBit  stm32f10x_gpio.o
    0x08001b86   0x08001b86   0x00000012   Code   RO         2309    i.GPIO_ReadOutputDataBit  stm32f10x_gpio.o
    0x08001b98   0x08001b98   0x00000004   Code   RO         2310    i.GPIO_ResetBits    stm32f10x_gpio.o
    0x08001b9c   0x08001b9c   0x00000004   Code   RO         2311    i.GPIO_SetBits      stm32f10x_gpio.o
    0x08001ba0   0x08001ba0   0x0000000a   Code   RO         2314    i.GPIO_WriteBit     stm32f10x_gpio.o
    0x08001baa   0x08001baa   0x00000002   PAD
    0x08001bac   0x08001bac   0x0000000c   Code   RO          254    i.GetNowTime        key.o
    0x08001bb8   0x08001bb8   0x00000004   Code   RO         1055    i.HardFault_Handler  stm32f10x_it.o
    0x08001bbc   0x08001bbc   0x00000010   Code   RO         2621    i.IWDG_Enable       stm32f10x_iwdg.o
    0x08001bcc   0x08001bcc   0x00000008   Code   RO          931    i.IWDG_Feed         iwdg.o
    0x08001bd4   0x08001bd4   0x00000024   Code   RO          932    i.IWDG_Init         iwdg.o
    0x08001bf8   0x08001bf8   0x00000010   Code   RO         2623    i.IWDG_ReloadCounter  stm32f10x_iwdg.o
    0x08001c08   0x08001c08   0x0000000c   Code   RO         2624    i.IWDG_SetPrescaler  stm32f10x_iwdg.o
    0x08001c14   0x08001c14   0x0000000c   Code   RO         2625    i.IWDG_SetReload    stm32f10x_iwdg.o
    0x08001c20   0x08001c20   0x0000000c   Code   RO         2626    i.IWDG_WriteAccessCmd  stm32f10x_iwdg.o
    0x08001c2c   0x08001c2c   0x00000098   Code   RO          255    i.Key_Init          key.o
    0x08001cc4   0x08001cc4   0x00000050   Code   RO          256    i.Key_InitState     key.o
    0x08001d14   0x08001d14   0x000000b4   Code   RO          257    i.Key_Pressed       key.o
    0x08001dc8   0x08001dc8   0x00000048   Code   RO          309    i.LED_Init          led_driver.o
    0x08001e10   0x08001e10   0x00000088   Code   RO          814    i.Load_Data_to_Tx_Buffer  nrf24l01.o
    0x08001e98   0x08001e98   0x00000004   Code   RO         1056    i.MemManage_Handler  stm32f10x_it.o
    0x08001e9c   0x08001e9c   0x00000002   Code   RO         1057    i.NMI_Handler       stm32f10x_it.o
    0x08001e9e   0x08001e9e   0x00000002   PAD
    0x08001ea0   0x08001ea0   0x00000050   Code   RO          815    i.NRF24L01_Check    nrf24l01.o
    0x08001ef0   0x08001ef0   0x00000190   Code   RO          816    i.NRF24L01_Init_Common  nrf24l01.o
    0x08002080   0x08002080   0x00000048   Code   RO          817    i.NRF24L01_Read_Buf  nrf24l01.o
    0x080020c8   0x080020c8   0x00000038   Code   RO          818    i.NRF24L01_Read_Reg  nrf24l01.o
    0x08002100   0x08002100   0x00000078   Code   RO          821    i.NRF24L01_Set_TX_Mode  nrf24l01.o
    0x08002178   0x08002178   0x00000058   Code   RO          822    i.NRF24L01_SpiRW    nrf24l01.o
    0x080021d0   0x080021d0   0x00000048   Code   RO          824    i.NRF24L01_Write_Buf  nrf24l01.o
    0x08002218   0x08002218   0x0000003c   Code   RO          825    i.NRF24L01_Write_Reg  nrf24l01.o
    0x08002254   0x08002254   0x00000068   Code   RO          826    i.NRF24_Process     nrf24l01.o
    0x080022bc   0x080022bc   0x00000070   Code   RO         1116    i.NVIC_Init         misc.o
    0x0800232c   0x0800232c   0x00000014   Code   RO         1117    i.NVIC_PriorityGroupConfig  misc.o
    0x08002340   0x08002340   0x0000002a   Code   RO          357    i.OLED_Clear        oled.o
    0x0800236a   0x0800236a   0x00000002   PAD
    0x0800236c   0x0800236c   0x00000040   Code   RO          369    i.OLED_I2C_Init     oled.o
    0x080023ac   0x080023ac   0x00000050   Code   RO          370    i.OLED_I2C_SendByte  oled.o
    0x080023fc   0x080023fc   0x00000030   Code   RO          371    i.OLED_I2C_Start    oled.o
    0x0800242c   0x0800242c   0x00000028   Code   RO          372    i.OLED_I2C_Stop     oled.o
    0x08002454   0x08002454   0x000000ae   Code   RO          373    i.OLED_Init         oled.o
    0x08002502   0x08002502   0x00000002   PAD
    0x08002504   0x08002504   0x00000014   Code   RO          374    i.OLED_NewFrame     oled.o
    0x08002518   0x08002518   0x00000014   Code   RO          375    i.OLED_Pow          oled.o
    0x0800252c   0x0800252c   0x0000004c   Code   RO          376    i.OLED_PrintASCIIChar  oled.o
    0x08002578   0x08002578   0x00000052   Code   RO          377    i.OLED_PrintASCIINum  oled.o
    0x080025ca   0x080025ca   0x00000036   Code   RO          378    i.OLED_PrintASCIIString  oled.o
    0x08002600   0x08002600   0x0000001a   Code   RO          380    i.OLED_Send         oled.o
    0x0800261a   0x0800261a   0x00000062   Code   RO          381    i.OLED_SetBits      oled.o
    0x0800267c   0x0800267c   0x00000088   Code   RO          382    i.OLED_SetBits_Fine  oled.o
    0x08002704   0x08002704   0x0000009a   Code   RO          383    i.OLED_SetBlock     oled.o
    0x0800279e   0x0800279e   0x00000002   PAD
    0x080027a0   0x080027a0   0x0000007c   Code   RO          385    i.OLED_SetByte_Fine  oled.o
    0x0800281c   0x0800281c   0x00000022   Code   RO          387    i.OLED_SetCursor    oled.o
    0x0800283e   0x0800283e   0x00000002   PAD
    0x08002840   0x08002840   0x0000004c   Code   RO          392    i.OLED_ShowFrame    oled.o
    0x0800288c   0x0800288c   0x00000020   Code   RO          397    i.OLED_WriteCommand  oled.o
    0x080028ac   0x080028ac   0x00000020   Code   RO          398    i.OLED_WriteData    oled.o
    0x080028cc   0x080028cc   0x00000002   Code   RO         1058    i.PendSV_Handler    stm32f10x_it.o
    0x080028ce   0x080028ce   0x00000002   PAD
    0x080028d0   0x080028d0   0x00000018   Code   RO         2729    i.RCC_ADCCLKConfig  stm32f10x_rcc.o
    0x080028e8   0x080028e8   0x00000020   Code   RO         2730    i.RCC_AHBPeriphClockCmd  stm32f10x_rcc.o
    0x08002908   0x08002908   0x00000020   Code   RO         2731    i.RCC_APB1PeriphClockCmd  stm32f10x_rcc.o
    0x08002928   0x08002928   0x00000020   Code   RO         2733    i.RCC_APB2PeriphClockCmd  stm32f10x_rcc.o
    0x08002948   0x08002948   0x00000038   Code   RO          914    i.RC_TxPacket_Async  rc.o
    0x08002980   0x08002980   0x00000068   Code   RO          228    i.Rocker_SW_Init    hw504.o
    0x080029e8   0x080029e8   0x00000018   Code   RO         3219    i.SPI_Cmd           stm32f10x_spi.o
    0x08002a00   0x08002a00   0x00000012   Code   RO         3227    i.SPI_I2S_GetFlagStatus  stm32f10x_spi.o
    0x08002a12   0x08002a12   0x00000006   Code   RO         3230    i.SPI_I2S_ReceiveData  stm32f10x_spi.o
    0x08002a18   0x08002a18   0x00000004   Code   RO         3231    i.SPI_I2S_SendData  stm32f10x_spi.o
    0x08002a1c   0x08002a1c   0x0000003c   Code   RO         3232    i.SPI_Init          stm32f10x_spi.o
    0x08002a58   0x08002a58   0x00000002   Code   RO         1059    i.SVC_Handler       stm32f10x_it.o
    0x08002a5a   0x08002a5a   0x00000008   Code   RO           10    i.SetSysClock       system_stm32f10x.o
    0x08002a62   0x08002a62   0x00000002   PAD
    0x08002a64   0x08002a64   0x000000e0   Code   RO           11    i.SetSysClockTo72   system_stm32f10x.o
    0x08002b44   0x08002b44   0x00000002   Code   RO         1060    i.SysTick_Handler   stm32f10x_it.o
    0x08002b46   0x08002b46   0x00000002   PAD
    0x08002b48   0x08002b48   0x00000060   Code   RO           13    i.SystemInit        system_stm32f10x.o
    0x08002ba8   0x08002ba8   0x00000250   Code   RO          258    i.TIM2_IRQHandler   key.o
    0x08002df8   0x08002df8   0x0000007a   Code   RO          184    i.TIM2_Init         timer.o
    0x08002e72   0x08002e72   0x00000002   PAD
    0x08002e74   0x08002e74   0x00000024   Code   RO         1002    i.TIM3_IRQHandler   main.o
    0x08002e98   0x08002e98   0x00000078   Code   RO          185    i.TIM3_Init         timer.o
    0x08002f10   0x08002f10   0x00000006   Code   RO         3371    i.TIM_ClearFlag     stm32f10x_tim.o
    0x08002f16   0x08002f16   0x00000006   Code   RO         3372    i.TIM_ClearITPendingBit  stm32f10x_tim.o
    0x08002f1c   0x08002f1c   0x00000018   Code   RO         3377    i.TIM_Cmd           stm32f10x_tim.o
    0x08002f34   0x08002f34   0x00000022   Code   RO         3398    i.TIM_GetITStatus   stm32f10x_tim.o
    0x08002f56   0x08002f56   0x00000012   Code   RO         3402    i.TIM_ITConfig      stm32f10x_tim.o
    0x08002f68   0x08002f68   0x0000000c   Code   RO         3404    i.TIM_InternalClockConfig  stm32f10x_tim.o
    0x08002f74   0x08002f74   0x000000a4   Code   RO         3448    i.TIM_TimeBaseInit  stm32f10x_tim.o
    0x08003018   0x08003018   0x00000024   Code   RO          259    i.UpdateTime        key.o
    0x0800303c   0x0800303c   0x00000004   Code   RO         1061    i.UsageFault_Handler  stm32f10x_it.o
    0x08003040   0x08003040   0x00000028   Code   RO         4311    i.__ARM_fpclassify  m_ws.l(fpclassify.o)
    0x08003068   0x08003068   0x0000000e   Code   RO         4170    i._is_digit         c_w.l(__printf_wp.o)
    0x08003076   0x08003076   0x00000002   PAD
    0x08003078   0x08003078   0x0000000c   Code   RO          629    i.bend_func         ui.o
    0x08003084   0x08003084   0x00000016   Code   RO          630    i.constrain         ui.o
    0x0800309a   0x0800309a   0x00000002   PAD
    0x0800309c   0x0800309c   0x0000000c   Code   RO          631    i.exit_func         ui.o
    0x080030a8   0x080030a8   0x0000008c   Code   RO          632    i.height_func       ui.o
    0x08003134   0x08003134   0x0000000c   Code   RO          633    i.init_func         ui.o
    0x08003140   0x08003140   0x00000018   Code   RO          634    i.jump_ctrl_func    ui.o
    0x08003158   0x08003158   0x00000018   Code   RO          635    i.jump_exe_func     ui.o
    0x08003170   0x08003170   0x000000d8   Code   RO          636    i.jump_pre_func     ui.o
    0x08003248   0x08003248   0x0000000c   Code   RO          637    i.lean_func         ui.o
    0x08003254   0x08003254   0x00000150   Code   RO         1003    i.main              main.o
    0x080033a4   0x080033a4   0x00000018   Code   RO          638    i.main_func         ui.o
    0x080033bc   0x080033bc   0x00000030   Code   RO          639    i.menu_back         ui.o
    0x080033ec   0x080033ec   0x00000080   Code   RO          640    i.menu_ctrl         ui.o
    0x0800346c   0x0800346c   0x00000050   Code   RO          641    i.menu_down         ui.o
    0x080034bc   0x080034bc   0x000000a4   Code   RO          642    i.menu_draw         ui.o
    0x08003560   0x08003560   0x00000128   Code   RO          643    i.menu_enter        ui.o
    0x08003688   0x08003688   0x0000004c   Code   RO          644    i.menu_up           ui.o
    0x080036d4   0x080036d4   0x0000000c   Code   RO          645    i.set_idle_func     ui.o
    0x080036e0   0x080036e0   0x0000000c   Code   RO          646    i.set_stop_func     ui.o
    0x080036ec   0x080036ec   0x0000001c   Code   RO          647    i.show_bat_func     ui.o
    0x08003708   0x08003708   0x0000000c   Code   RO          648    i.trans_disable_func  ui.o
    0x08003714   0x08003714   0x0000000c   Code   RO          649    i.trans_enable_func  ui.o
    0x08003720   0x08003720   0x0000002c   Code   RO         4307    locale$$code        c_w.l(lc_numeric_c.o)
    0x0800374c   0x0800374c   0x00000062   Code   RO         4194    x$fpl$d2f           fz_ws.l(d2f.o)
    0x080037ae   0x080037ae   0x00000018   Code   RO         4244    x$fpl$dcmpinf       fz_ws.l(dcmpi.o)
    0x080037c6   0x080037c6   0x00000002   PAD
    0x080037c8   0x080037c8   0x00000078   Code   RO         4212    x$fpl$dleqf         fz_ws.l(dleqf.o)
    0x08003840   0x08003840   0x00000154   Code   RO         4214    x$fpl$dmul          fz_ws.l(dmul.o)
    0x08003994   0x08003994   0x0000009c   Code   RO         4246    x$fpl$dnaninf       fz_ws.l(dnaninf.o)
    0x08003a30   0x08003a30   0x0000000c   Code   RO         4248    x$fpl$dretinf       fz_ws.l(dretinf.o)
    0x08003a3c   0x08003a3c   0x0000006c   Code   RO         4216    x$fpl$drleqf        fz_ws.l(drleqf.o)
    0x08003aa8   0x08003aa8   0x00000056   Code   RO         4218    x$fpl$f2d           fz_ws.l(f2d.o)
    0x08003afe   0x08003afe   0x00000002   PAD
    0x08003b00   0x08003b00   0x00000184   Code   RO         4221    x$fpl$fdiv          fz_ws.l(fdiv.o)
    0x08003c84   0x08003c84   0x00000026   Code   RO         4224    x$fpl$ffltu         fz_ws.l(fflt_clz.o)
    0x08003caa   0x08003caa   0x0000008c   Code   RO         4250    x$fpl$fnaninf       fz_ws.l(fnaninf.o)
    0x08003d36   0x08003d36   0x0000000a   Code   RO         4252    x$fpl$fretinf       fz_ws.l(fretinf.o)
    0x08003d40   0x08003d40   0x00000004   Code   RO         4230    x$fpl$printf1       fz_ws.l(printf1.o)
    0x08003d44   0x08003d44   0x00000000   Code   RO         4254    x$fpl$usenofp       fz_ws.l(usenofp.o)
    0x08003d44   0x08003d44   0x00000005   Data   RO          827    .constdata          nrf24l01.o
    0x08003d49   0x08003d49   0x00000003   PAD
    0x08003d4c   0x08003d4c   0x00001b64   Data   RO          990    .constdata          font.o
    0x080058b0   0x080058b0   0x00000094   Data   RO         4282    .constdata          c_w.l(bigflt0.o)
    0x08005944   0x08005944   0x00000134   Data   RO          650    .conststring        ui.o
    0x08005a78   0x08005a78   0x00000020   Data   RO         4452    Region$$Table       anon$$obj.o
    0x08005a98   0x08005a98   0x0000001c   Data   RO         4306    locale$$data        c_w.l(lc_numeric_c.o)


    Execution Region RW_IRAM1 (Exec base: 0x20000000, Load base: 0x08005ab4, Size: 0x00000de0, Max: 0x00005000, ABSOLUTE, COMPRESSED[0x00000110])

    Exec Addr    Load Addr    Size         Type   Attr      Idx    E Section Name        Object

    0x20000000   COMPRESSED   0x00000004   Data   RW          262    .data               key.o
    0x20000004   COMPRESSED   0x00000002   Data   RW          402    .data               oled.o
    0x20000006   COMPRESSED   0x00000002   PAD
    0x20000008   COMPRESSED   0x00000190   Data   RW          651    .data               ui.o
    0x20000198   COMPRESSED   0x00000006   Data   RW          916    .data               rc.o
    0x2000019e   COMPRESSED   0x00000008   Data   RW          963    .data               ad.o
    0x200001a6   COMPRESSED   0x00000002   PAD
    0x200001a8   COMPRESSED   0x00000036   Data   RW         1005    .data               main.o
    0x200001de   COMPRESSED   0x00000002   PAD
    0x200001e0        -       0x000000d2   Zero   RW          260    .bss                key.o
    0x200002b2        -       0x00000481   Zero   RW          400    .bss                oled.o
    0x20000733        -       0x0000000c   Zero   RW          915    .bss                rc.o
    0x2000073f   COMPRESSED   0x00000001   PAD
    0x20000740        -       0x0000001c   Zero   RW          962    .bss                ad.o
    0x2000075c        -       0x0000001f   Zero   RW         1004    .bss                main.o
    0x2000077b   COMPRESSED   0x00000001   PAD
    0x2000077c        -       0x00000060   Zero   RW         4314    .bss                c_w.l(libspace.o)
    0x200007dc   COMPRESSED   0x00000004   PAD
    0x200007e0        -       0x00000200   Zero   RW            2    HEAP                startup_stm32f10x_md.o
    0x200009e0        -       0x00000400   Zero   RW            1    STACK               startup_stm32f10x_md.o


==============================================================================

Image component sizes


      Code (inc. data)   RO Data    RW Data    ZI Data      Debug   Object Name

       460         40          0          8         28       2211   ad.o
        44          6          0          0          0        410   buzzer.o
        70          0          0          0          0     215234   delay.o
         0          0       7012          0          0       1717   font.o
       104          8          0          0          0        477   hw504.o
        44          0          0          0          0        900   iwdg.o
      1052         70          0          4        210       4725   key.o
        72         10          0          0          0        459   led_driver.o
       372         76          0         54         31       2434   main.o
       132         22          0          0          0       2919   misc.o
      1292        174          5          0          0       7011   nrf24l01.o
      1412         46          0          2       1153      13731   oled.o
        56          8          0          6         12       1217   rc.o
        64         26        236          0       1536        788   startup_stm32f10x_md.o
       390         10          0          0          0      15645   stm32f10x_adc.o
       160         18          0          0          0      13774   stm32f10x_dma.o
       200         18          0          0          0       3912   stm32f10x_exti.o
       540         10          0          0          0      13937   stm32f10x_gpio.o
        26          0          0          0          0       3474   stm32f10x_it.o
        68         30          0          0          0       2110   stm32f10x_iwdg.o
       120         24          0          0          0       1973   stm32f10x_rcc.o
       112          0          0          0          0      10230   stm32f10x_spi.o
       264         42          0          0          0      24296   stm32f10x_tim.o
       328         28          0          0          0      51417   system_stm32f10x.o
       242          4          0          0          0       2532   timer.o
      1366        186        308        400          0      12252   ui.o

    ----------------------------------------------------------------------
      9016        856       7596        480       2972     409785   Object Totals
         0          0         32          0          0          0   (incl. Generated)
        26          0          3          6          2          0   (incl. Padding)

    ----------------------------------------------------------------------

      Code (inc. data)   RO Data    RW Data    ZI Data      Debug   Library Member Name

        90          0          0          0          0          0   __dczerorl2.o
         8          0          0          0          0         68   __main.o
       284          0          0          0          0        156   __printf_wp.o
         0          0          0          0          0          0   __rtentry.o
        12          0          0          0          0          0   __rtentry2.o
         6          0          0          0          0          0   __rtentry4.o
        52          8          0          0          0          0   __scatter.o
        28          0          0          0          0          0   __scatter_zi.o
        48          6          0          0          0         96   _printf_char_common.o
         6          0          0          0          0          0   _printf_f.o
      1054          0          0          0          0        216   _printf_fp_dec.o
       128         16          0          0          0         84   _printf_fp_infnan.o
         0          0          0          0          0          0   _printf_percent.o
         4          0          0          0          0          0   _printf_percent_end.o
        10          0          0          0          0         68   _sputc.o
       228          4        148          0          0         96   bigflt0.o
      1936        128          0          0          0        672   btod.o
        18          0          0          0          0         80   exit.o
         6          0          0          0          0        152   heapauxi.o
         0          0          0          0          0          0   indicate_semi.o
        44         10         28          0          0         76   lc_numeric_c.o
         2          0          0          0          0          0   libinit.o
        18          0          0          0          0          0   libinit2.o
         2          0          0          0          0          0   libshutdown.o
         2          0          0          0          0          0   libshutdown2.o
         8          4          0          0         96         68   libspace.o
       138          0          0          0          0         80   lludiv10.o
        40          6          0          0          0         84   noretval__2sprintf.o
         8          4          0          0          0         68   rt_locale_intlibspace.o
        68          0          0          0          0         68   rt_memclr.o
        78          0          0          0          0         80   rt_memclr_w.o
       138          0          0          0          0         68   rt_memcpy_v6.o
       100          0          0          0          0         80   rt_memcpy_w.o
         2          0          0          0          0          0   rtexit.o
        10          0          0          0          0          0   rtexit2.o
       128          0          0          0          0         68   strcmpv7m.o
        62          0          0          0          0         76   strlen.o
        12          4          0          0          0         68   sys_exit.o
        74          0          0          0          0         80   sys_stackheap_outer.o
         2          0          0          0          0         68   use_no_semi.o
        98          4          0          0          0         92   d2f.o
        24          0          0          0          0         68   dcmpi.o
       120          4          0          0          0         92   dleqf.o
       340         12          0          0          0        104   dmul.o
       156          4          0          0          0         92   dnaninf.o
        12          0          0          0          0         68   dretinf.o
       108          0          0          0          0         80   drleqf.o
        86          4          0          0          0         84   f2d.o
       388         76          0          0          0         96   fdiv.o
        38          0          0          0          0         68   fflt_clz.o
       140          4          0          0          0         84   fnaninf.o
        10          0          0          0          0         68   fretinf.o
         4          0          0          0          0         68   printf1.o
         0          0          0          0          0          0   usenofp.o
        40          0          0          0          0         68   fpclassify.o

    ----------------------------------------------------------------------
      6432        298        176          0        100       3852   Library Totals
        14          0          0          0          4          0   (incl. Padding)

    ----------------------------------------------------------------------

      Code (inc. data)   RO Data    RW Data    ZI Data      Debug   Library Name

      4854        190        176          0         96       2720   c_w.l
      1524        108          0          0          0       1064   fz_ws.l
        40          0          0          0          0         68   m_ws.l

    ----------------------------------------------------------------------
      6432        298        176          0        100       3852   Library Totals

    ----------------------------------------------------------------------

==============================================================================


      Code (inc. data)   RO Data    RW Data    ZI Data      Debug   

     15448       1154       7772        480       3072     404741   Grand Totals
     15448       1154       7772        272       3072     404741   ELF Image Totals (compressed)
     15448       1154       7772        272          0          0   ROM Totals

==============================================================================

    Total RO  Size (Code + RO Data)                23220 (  22.68kB)
    Total RW  Size (RW Data + ZI Data)              3552 (   3.47kB)
    Total ROM Size (Code + RO Data + RW Data)      23492 (  22.94kB)

==============================================================================

